Jun 30 16:53:46 localhost kernel: Linux version 4.18.0-348.el8.x86_64 (mockbuild@x86-vm-09.build.eng.bos.redhat.com) (gcc version 8.5.0 20210514 (Red Hat 8.5.0-3) (GCC)) #1 SMP Mon Oct 4 12:17:22 EDT 2021
Jun 30 16:53:46 localhost kernel: Command line: BOOT_IMAGE=(hd0,gpt4)/vmlinuz-4.18.0-348.el8.x86_64 root=/dev/mapper/rhel-root ro
Jun 30 16:53:46 localhost kernel: x86/fpu: Supporting XSAVE feature 0x001: 'x87 floating point registers'
Jun 30 16:53:46 localhost kernel: x86/fpu: Supporting XSAVE feature 0x002: 'SSE registers'
Jun 30 16:53:46 localhost kernel: x86/fpu: Supporting XSAVE feature 0x004: 'AVX registers'
Jun 30 16:53:46 localhost kernel: x86/fpu: Supporting XSAVE feature 0x008: 'MPX bounds registers'
Jun 30 16:53:46 localhost kernel: x86/fpu: Supporting XSAVE feature 0x010: 'MPX CSR'
Jun 30 16:53:46 localhost kernel: x86/fpu: Supporting XSAVE feature 0x020: 'AVX-512 opmask'
Jun 30 16:53:46 localhost kernel: x86/fpu: Supporting XSAVE feature 0x040: 'AVX-512 Hi256'
Jun 30 16:53:46 localhost kernel: x86/fpu: Supporting XSAVE feature 0x080: 'AVX-512 ZMM_Hi256'
Jun 30 16:53:46 localhost kernel: x86/fpu: Supporting XSAVE feature 0x200: 'Protection Keys User registers'
Jun 30 16:53:46 localhost kernel: x86/fpu: xstate_offset[2]:  576, xstate_sizes[2]:  256
Jun 30 16:53:46 localhost kernel: x86/fpu: xstate_offset[3]:  832, xstate_sizes[3]:   64
Jun 30 16:53:46 localhost kernel: x86/fpu: xstate_offset[4]:  896, xstate_sizes[4]:   64
Jun 30 16:53:46 localhost kernel: x86/fpu: xstate_offset[5]:  960, xstate_sizes[5]:   64
Jun 30 16:53:46 localhost kernel: x86/fpu: xstate_offset[6]: 1024, xstate_sizes[6]:  512
Jun 30 16:53:46 localhost kernel: x86/fpu: xstate_offset[7]: 1536, xstate_sizes[7]: 1024
Jun 30 16:53:46 localhost kernel: x86/fpu: xstate_offset[9]: 2560, xstate_sizes[9]:    8
Jun 30 16:53:46 localhost kernel: x86/fpu: Enabled xstate features 0x2ff, context size is 2568 bytes, using 'compacted' format.
Jun 30 16:53:46 localhost kernel: BIOS-provided physical RAM map:
Jun 30 16:53:46 localhost kernel: BIOS-e820: [mem 0x0000000000000000-0x000000000009ffff] usable
Jun 30 16:53:46 localhost kernel: BIOS-e820: [mem 0x00000000000a0000-0x00000000000fffff] reserved
Jun 30 16:53:46 localhost kernel: BIOS-e820: [mem 0x0000000000100000-0x000000004fee9fff] usable
Jun 30 16:53:46 localhost kernel: BIOS-e820: [mem 0x000000004feea000-0x0000000050021fff] reserved
Jun 30 16:53:46 localhost kernel: BIOS-e820: [mem 0x0000000050022000-0x00000000682fefff] usable
Jun 30 16:53:46 localhost kernel: BIOS-e820: [mem 0x00000000682ff000-0x000000006ebfefff] reserved
Jun 30 16:53:46 localhost kernel: BIOS-e820: [mem 0x000000006ebff000-0x000000006f9fefff] ACPI NVS
Jun 30 16:53:46 localhost kernel: BIOS-e820: [mem 0x000000006f9ff000-0x000000006fffefff] ACPI data
Jun 30 16:53:46 localhost kernel: BIOS-e820: [mem 0x000000006ffff000-0x000000006fffffff] usable
Jun 30 16:53:46 localhost kernel: BIOS-e820: [mem 0x0000000070000000-0x000000008fffffff] reserved
Jun 30 16:53:46 localhost kernel: BIOS-e820: [mem 0x00000000fe000000-0x00000000fe010fff] reserved
Jun 30 16:53:46 localhost kernel: BIOS-e820: [mem 0x0000000100000000-0x000000107fffffff] usable
Jun 30 16:53:46 localhost kernel: NX (Execute Disable) protection: active
Jun 30 16:53:46 localhost kernel: extended physical RAM map:
Jun 30 16:53:46 localhost kernel: reserve setup_data: [mem 0x0000000000000000-0x000000000009ffff] usable
Jun 30 16:53:46 localhost kernel: reserve setup_data: [mem 0x00000000000a0000-0x00000000000fffff] reserved
Jun 30 16:53:46 localhost kernel: reserve setup_data: [mem 0x0000000000100000-0x000000004f5c701f] usable
Jun 30 16:53:46 localhost kernel: reserve setup_data: [mem 0x000000004f5c7020-0x000000004f5f605f] usable
Jun 30 16:53:46 localhost kernel: reserve setup_data: [mem 0x000000004f5f6060-0x000000004f5f701f] usable
Jun 30 16:53:46 localhost kernel: reserve setup_data: [mem 0x000000004f5f7020-0x000000004f62fc5f] usable
Jun 30 16:53:46 localhost kernel: reserve setup_data: [mem 0x000000004f62fc60-0x000000004f63001f] usable
Jun 30 16:53:46 localhost kernel: reserve setup_data: [mem 0x000000004f630020-0x000000004f668c5f] usable
Jun 30 16:53:46 localhost kernel: reserve setup_data: [mem 0x000000004f668c60-0x000000004f66901f] usable
Jun 30 16:53:46 localhost kernel: reserve setup_data: [mem 0x000000004f669020-0x000000004f67105f] usable
Jun 30 16:53:46 localhost kernel: reserve setup_data: [mem 0x000000004f671060-0x000000004f67201f] usable
Jun 30 16:53:46 localhost kernel: reserve setup_data: [mem 0x000000004f672020-0x000000004f6a465f] usable
Jun 30 16:53:46 localhost kernel: reserve setup_data: [mem 0x000000004f6a4660-0x000000004f6a501f] usable
Jun 30 16:53:46 localhost kernel: reserve setup_data: [mem 0x000000004f6a5020-0x000000004f6d765f] usable
Jun 30 16:53:46 localhost kernel: reserve setup_data: [mem 0x000000004f6d7660-0x000000004fee9fff] usable
Jun 30 16:53:46 localhost kernel: reserve setup_data: [mem 0x000000004feea000-0x0000000050021fff] reserved
Jun 30 16:53:46 localhost kernel: reserve setup_data: [mem 0x0000000050022000-0x00000000682fefff] usable
Jun 30 16:53:46 localhost kernel: reserve setup_data: [mem 0x00000000682ff000-0x000000006ebfefff] reserved
Jun 30 16:53:46 localhost kernel: reserve setup_data: [mem 0x000000006ebff000-0x000000006f9fefff] ACPI NVS
Jun 30 16:53:46 localhost kernel: reserve setup_data: [mem 0x000000006f9ff000-0x000000006fffefff] ACPI data
Jun 30 16:53:46 localhost kernel: reserve setup_data: [mem 0x000000006ffff000-0x000000006fffffff] usable
Jun 30 16:53:46 localhost kernel: reserve setup_data: [mem 0x0000000070000000-0x000000008fffffff] reserved
Jun 30 16:53:46 localhost kernel: reserve setup_data: [mem 0x00000000fe000000-0x00000000fe010fff] reserved
Jun 30 16:53:46 localhost kernel: reserve setup_data: [mem 0x0000000100000000-0x000000107fffffff] usable
Jun 30 16:53:46 localhost kernel: efi: EFI v2.70 by Dell Inc.
Jun 30 16:53:46 localhost kernel: efi:  ACPI=0x6fffe000  ACPI 2.0=0x6fffe014  SMBIOS=0x68d36000  SMBIOS 3.0=0x68d34000  MEMATTR=0x65058020  MOKvar=0x683a2000  TPMEventLog=0x51e00020 
Jun 30 16:53:46 localhost kernel: [Firmware Bug]: TPM Final Events table missing or invalid
Jun 30 16:53:46 localhost kernel: secureboot: Secure boot disabled
Jun 30 16:53:46 localhost kernel: SMBIOS 3.2.0 present.
Jun 30 16:53:46 localhost kernel: DMI: Dell Inc. PowerEdge R740/06WXJT, BIOS 2.14.2 03/21/2022
Jun 30 16:53:46 localhost kernel: tsc: Detected 3300.000 MHz processor
Jun 30 16:53:46 localhost kernel: last_pfn = 0x1080000 max_arch_pfn = 0x400000000
Jun 30 16:53:46 localhost kernel: x86/PAT: Configuration [0-7]: WB  WC  UC- UC  WB  WP  UC- WT  
Jun 30 16:53:46 localhost kernel: total RAM covered: 65472M
Jun 30 16:53:46 localhost kernel: Found optimal setting for mtrr clean up
Jun 30 16:53:46 localhost kernel: gran_size: 64K #011chunk_size: 512M #011num_reg: 7  #011lose cover RAM: 0G
Jun 30 16:53:46 localhost kernel: x2apic: enabled by BIOS, switching to x2apic ops
Jun 30 16:53:46 localhost kernel: last_pfn = 0x70000 max_arch_pfn = 0x400000000
Jun 30 16:53:46 localhost kernel: Using GB pages for direct mapping
Jun 30 16:53:46 localhost kernel: RAMDISK: [mem 0x2b4d4000-0x2e7fefff]
Jun 30 16:53:46 localhost kernel: ACPI: Early table checksum verification disabled
Jun 30 16:53:46 localhost kernel: ACPI: RSDP 0x000000006FFFE014 000024 (v02 DELL  )
Jun 30 16:53:46 localhost kernel: ACPI: XSDT 0x000000006FC11188 000104 (v01 DELL   PE_SC3   00000000      01000013)
Jun 30 16:53:46 localhost kernel: ACPI: FACP 0x000000006FFF6000 000114 (v06 DELL   PE_SC3   00000000 DELL 00000001)
Jun 30 16:53:46 localhost kernel: ACPI: DSDT 0x000000006FCF8000 2EE3DC (v02 DELL   PE_SC3   00000003 DELL 00000001)
Jun 30 16:53:46 localhost kernel: ACPI: FACS 0x000000006F56D000 000040
Jun 30 16:53:46 localhost kernel: ACPI: SSDT 0x000000006FFFC000 0005F8 (v02 DELL   Tpm2Tabl 00001000 INTL 20180508)
Jun 30 16:53:46 localhost kernel: ACPI: TPM2 0x000000006FFFB000 000038 (v04 DELL   PE_SC3   00000002      01000013)
Jun 30 16:53:46 localhost kernel: ACPI: SSDT 0x000000006FFFA000 00046C (v02 INTEL  ADDRXLAT 00000001 INTL 20180508)
Jun 30 16:53:46 localhost kernel: ACPI: MCEJ 0x000000006FFF9000 000130 (v01 DELL   PE_SC3   00000002 DELL 00000001)
Jun 30 16:53:46 localhost kernel: ACPI: WD__ 0x000000006FFF8000 000134 (v01 DELL   PE_SC3   00000001 DELL 00000001)
Jun 30 16:53:46 localhost kernel: ACPI: SLIC 0x000000006FFF7000 000024 (v01 DELL   PE_SC3   00000001 DELL 00000001)
Jun 30 16:53:46 localhost kernel: ACPI: HPET 0x000000006FFF5000 000038 (v01 DELL   PE_SC3   00000001 DELL 00000001)
Jun 30 16:53:46 localhost kernel: ACPI: APIC 0x000000006FFF3000 0016DE (v04 DELL   PE_SC3   00000000 DELL 00000001)
Jun 30 16:53:46 localhost kernel: ACPI: MCFG 0x000000006FFF2000 00003C (v01 DELL   PE_SC3   00000001 DELL 00000001)
Jun 30 16:53:46 localhost kernel: ACPI: MIGT 0x000000006FFF1000 000040 (v01 DELL   PE_SC3   00000000 DELL 00000001)
Jun 30 16:53:46 localhost kernel: ACPI: MSCT 0x000000006FFF0000 000090 (v01 DELL   PE_SC3   00000001 DELL 00000001)
Jun 30 16:53:46 localhost kernel: ACPI: PCAT 0x000000006FFEF000 000088 (v02 DELL   PE_SC3   00000002 DELL 00000001)
Jun 30 16:53:46 localhost kernel: ACPI: PCCT 0x000000006FFEE000 00006E (v01 DELL   PE_SC3   00000002 DELL 00000001)
Jun 30 16:53:46 localhost kernel: ACPI: RASF 0x000000006FFED000 000030 (v01 DELL   PE_SC3   00000001 DELL 00000001)
Jun 30 16:53:46 localhost kernel: ACPI: SLIT 0x000000006FFEC000 00042C (v01 DELL   PE_SC3   00000001 DELL 00000001)
Jun 30 16:53:46 localhost kernel: ACPI: SRAT 0x000000006FFE9000 002D30 (v03 DELL   PE_SC3   00000002 DELL 00000001)
Jun 30 16:53:46 localhost kernel: ACPI: SVOS 0x000000006FFE8000 000032 (v01 DELL   PE_SC3   00000000 DELL 00000001)
Jun 30 16:53:46 localhost kernel: ACPI: WSMT 0x000000006FFE7000 000028 (v01 DELL   PE_SC3   00000000 DELL 00000001)
Jun 30 16:53:46 localhost kernel: ACPI: OEM4 0x000000006FC4A000 0AD1C1 (v02 INTEL  CPU  CST 00003000 INTL 20180508)
Jun 30 16:53:46 localhost kernel: ACPI: SSDT 0x000000006FC12000 037465 (v02 INTEL  SSDT  PM 00004000 INTL 20180508)
Jun 30 16:53:46 localhost kernel: ACPI: SSDT 0x000000006FFFD000 000A1F (v02 DELL   PE_SC3   00000000 DELL 00000001)
Jun 30 16:53:46 localhost kernel: ACPI: SSDT 0x000000006FC0D000 00357F (v02 INTEL  SpsNm    00000002 INTL 20180508)
Jun 30 16:53:46 localhost kernel: ACPI: DMAR 0x000000006FC0C000 000190 (v01 DELL   PE_SC3   00000001 DELL 00000001)
Jun 30 16:53:46 localhost kernel: ACPI: HEST 0x000000006FC0B000 00017C (v01 DELL   PE_SC3   00000002 DELL 00000001)
Jun 30 16:53:46 localhost kernel: ACPI: BERT 0x000000006FC0A000 000030 (v01 DELL   PE_SC3   00000002 DELL 00000001)
Jun 30 16:53:46 localhost kernel: ACPI: ERST 0x000000006FC09000 000230 (v01 DELL   PE_SC3   00000002 DELL 00000001)
Jun 30 16:53:46 localhost kernel: ACPI: EINJ 0x000000006FC08000 000150 (v01 DELL   PE_SC3   00000002 DELL 00000001)
Jun 30 16:53:46 localhost kernel: ACPI: Reserving FACP table memory at [mem 0x6fff6000-0x6fff6113]
Jun 30 16:53:46 localhost kernel: ACPI: Reserving DSDT table memory at [mem 0x6fcf8000-0x6ffe63db]
Jun 30 16:53:46 localhost kernel: ACPI: Reserving FACS table memory at [mem 0x6f56d000-0x6f56d03f]
Jun 30 16:53:46 localhost kernel: ACPI: Reserving SSDT table memory at [mem 0x6fffc000-0x6fffc5f7]
Jun 30 16:53:46 localhost kernel: ACPI: Reserving TPM2 table memory at [mem 0x6fffb000-0x6fffb037]
Jun 30 16:53:46 localhost kernel: ACPI: Reserving SSDT table memory at [mem 0x6fffa000-0x6fffa46b]
Jun 30 16:53:46 localhost kernel: ACPI: Reserving MCEJ table memory at [mem 0x6fff9000-0x6fff912f]
Jun 30 16:53:46 localhost kernel: ACPI: Reserving WD__ table memory at [mem 0x6fff8000-0x6fff8133]
Jun 30 16:53:46 localhost kernel: ACPI: Reserving SLIC table memory at [mem 0x6fff7000-0x6fff7023]
Jun 30 16:53:46 localhost kernel: ACPI: Reserving HPET table memory at [mem 0x6fff5000-0x6fff5037]
Jun 30 16:53:46 localhost kernel: ACPI: Reserving APIC table memory at [mem 0x6fff3000-0x6fff46dd]
Jun 30 16:53:46 localhost kernel: ACPI: Reserving MCFG table memory at [mem 0x6fff2000-0x6fff203b]
Jun 30 16:53:46 localhost kernel: ACPI: Reserving MIGT table memory at [mem 0x6fff1000-0x6fff103f]
Jun 30 16:53:46 localhost kernel: ACPI: Reserving MSCT table memory at [mem 0x6fff0000-0x6fff008f]
Jun 30 16:53:46 localhost kernel: ACPI: Reserving PCAT table memory at [mem 0x6ffef000-0x6ffef087]
Jun 30 16:53:46 localhost kernel: ACPI: Reserving PCCT table memory at [mem 0x6ffee000-0x6ffee06d]
Jun 30 16:53:46 localhost kernel: ACPI: Reserving RASF table memory at [mem 0x6ffed000-0x6ffed02f]
Jun 30 16:53:46 localhost kernel: ACPI: Reserving SLIT table memory at [mem 0x6ffec000-0x6ffec42b]
Jun 30 16:53:46 localhost kernel: ACPI: Reserving SRAT table memory at [mem 0x6ffe9000-0x6ffebd2f]
Jun 30 16:53:46 localhost kernel: ACPI: Reserving SVOS table memory at [mem 0x6ffe8000-0x6ffe8031]
Jun 30 16:53:46 localhost kernel: ACPI: Reserving WSMT table memory at [mem 0x6ffe7000-0x6ffe7027]
Jun 30 16:53:46 localhost kernel: ACPI: Reserving OEM4 table memory at [mem 0x6fc4a000-0x6fcf71c0]
Jun 30 16:53:46 localhost kernel: ACPI: Reserving SSDT table memory at [mem 0x6fc12000-0x6fc49464]
Jun 30 16:53:46 localhost kernel: ACPI: Reserving SSDT table memory at [mem 0x6fffd000-0x6fffda1e]
Jun 30 16:53:46 localhost kernel: ACPI: Reserving SSDT table memory at [mem 0x6fc0d000-0x6fc1057e]
Jun 30 16:53:46 localhost kernel: ACPI: Reserving DMAR table memory at [mem 0x6fc0c000-0x6fc0c18f]
Jun 30 16:53:46 localhost kernel: ACPI: Reserving HEST table memory at [mem 0x6fc0b000-0x6fc0b17b]
Jun 30 16:53:46 localhost kernel: ACPI: Reserving BERT table memory at [mem 0x6fc0a000-0x6fc0a02f]
Jun 30 16:53:46 localhost kernel: ACPI: Reserving ERST table memory at [mem 0x6fc09000-0x6fc0922f]
Jun 30 16:53:46 localhost kernel: ACPI: Reserving EINJ table memory at [mem 0x6fc08000-0x6fc0814f]
Jun 30 16:53:46 localhost kernel: Setting APIC routing to cluster x2apic.
Jun 30 16:53:46 localhost kernel: SRAT: PXM 0 -> APIC 0x0002 -> Node 0
Jun 30 16:53:46 localhost kernel: SRAT: PXM 1 -> APIC 0x0044 -> Node 1
Jun 30 16:53:46 localhost kernel: SRAT: PXM 0 -> APIC 0x0008 -> Node 0
Jun 30 16:53:46 localhost kernel: SRAT: PXM 1 -> APIC 0x0056 -> Node 1
Jun 30 16:53:46 localhost kernel: SRAT: PXM 0 -> APIC 0x0004 -> Node 0
Jun 30 16:53:46 localhost kernel: SRAT: PXM 1 -> APIC 0x0050 -> Node 1
Jun 30 16:53:46 localhost kernel: SRAT: PXM 0 -> APIC 0x0028 -> Node 0
Jun 30 16:53:46 localhost kernel: SRAT: PXM 1 -> APIC 0x0068 -> Node 1
Jun 30 16:53:46 localhost kernel: SRAT: PXM 0 -> APIC 0x0022 -> Node 0
Jun 30 16:53:46 localhost kernel: SRAT: PXM 1 -> APIC 0x0062 -> Node 1
Jun 30 16:53:46 localhost kernel: SRAT: PXM 0 -> APIC 0x0026 -> Node 0
Jun 30 16:53:46 localhost kernel: SRAT: PXM 1 -> APIC 0x0076 -> Node 1
Jun 30 16:53:46 localhost kernel: SRAT: PXM 0 -> APIC 0x0030 -> Node 0
Jun 30 16:53:46 localhost kernel: SRAT: PXM 1 -> APIC 0x0072 -> Node 1
Jun 30 16:53:46 localhost kernel: SRAT: PXM 0 -> APIC 0x0034 -> Node 0
Jun 30 16:53:46 localhost kernel: SRAT: PXM 1 -> APIC 0x0074 -> Node 1
Jun 30 16:53:46 localhost kernel: SRAT: PXM 0 -> APIC 0x0003 -> Node 0
Jun 30 16:53:46 localhost kernel: SRAT: PXM 1 -> APIC 0x0045 -> Node 1
Jun 30 16:53:46 localhost kernel: SRAT: PXM 0 -> APIC 0x0009 -> Node 0
Jun 30 16:53:46 localhost kernel: SRAT: PXM 1 -> APIC 0x0057 -> Node 1
Jun 30 16:53:46 localhost kernel: SRAT: PXM 0 -> APIC 0x0005 -> Node 0
Jun 30 16:53:46 localhost kernel: SRAT: PXM 1 -> APIC 0x0051 -> Node 1
Jun 30 16:53:46 localhost kernel: SRAT: PXM 0 -> APIC 0x0029 -> Node 0
Jun 30 16:53:46 localhost kernel: SRAT: PXM 1 -> APIC 0x0069 -> Node 1
Jun 30 16:53:46 localhost kernel: SRAT: PXM 0 -> APIC 0x0023 -> Node 0
Jun 30 16:53:46 localhost kernel: SRAT: PXM 1 -> APIC 0x0063 -> Node 1
Jun 30 16:53:46 localhost kernel: SRAT: PXM 0 -> APIC 0x0027 -> Node 0
Jun 30 16:53:46 localhost kernel: SRAT: PXM 1 -> APIC 0x0077 -> Node 1
Jun 30 16:53:46 localhost kernel: SRAT: PXM 0 -> APIC 0x0031 -> Node 0
Jun 30 16:53:46 localhost kernel: SRAT: PXM 1 -> APIC 0x0073 -> Node 1
Jun 30 16:53:46 localhost kernel: SRAT: PXM 0 -> APIC 0x0035 -> Node 0
Jun 30 16:53:46 localhost kernel: SRAT: PXM 1 -> APIC 0x0075 -> Node 1
Jun 30 16:53:46 localhost kernel: ACPI: SRAT: Node 0 PXM 0 [mem 0x00000000-0x7fffffff]
Jun 30 16:53:46 localhost kernel: ACPI: SRAT: Node 0 PXM 0 [mem 0x100000000-0x87fffffff]
Jun 30 16:53:46 localhost kernel: ACPI: SRAT: Node 1 PXM 1 [mem 0x880000000-0x107fffffff]
Jun 30 16:53:46 localhost kernel: NUMA: Node 0 [mem 0x00000000-0x7fffffff] + [mem 0x100000000-0x87fffffff] -> [mem 0x00000000-0x87fffffff]
Jun 30 16:53:46 localhost kernel: NODE_DATA(0) allocated [mem 0x87ffd5000-0x87fffffff]
Jun 30 16:53:46 localhost kernel: NODE_DATA(1) allocated [mem 0x107ffd4000-0x107fffefff]
Jun 30 16:53:46 localhost kernel: Zone ranges:
Jun 30 16:53:46 localhost kernel:  DMA      [mem 0x0000000000001000-0x0000000000ffffff]
Jun 30 16:53:46 localhost kernel:  DMA32    [mem 0x0000000001000000-0x00000000ffffffff]
Jun 30 16:53:46 localhost kernel:  Normal   [mem 0x0000000100000000-0x000000107fffffff]
Jun 30 16:53:46 localhost kernel:  Device   empty
Jun 30 16:53:46 localhost kernel: Movable zone start for each node
Jun 30 16:53:46 localhost kernel: Early memory node ranges
Jun 30 16:53:46 localhost kernel:  node   0: [mem 0x0000000000001000-0x000000000009ffff]
Jun 30 16:53:46 localhost kernel:  node   0: [mem 0x0000000000100000-0x000000004fee9fff]
Jun 30 16:53:46 localhost kernel:  node   0: [mem 0x0000000050022000-0x00000000682fefff]
Jun 30 16:53:46 localhost kernel:  node   0: [mem 0x000000006ffff000-0x000000006fffffff]
Jun 30 16:53:46 localhost kernel:  node   0: [mem 0x0000000100000000-0x000000087fffffff]
Jun 30 16:53:46 localhost kernel:  node   1: [mem 0x0000000880000000-0x000000107fffffff]
Jun 30 16:53:46 localhost kernel: Zeroed struct page in unavailable ranges: 32409 pages
Jun 30 16:53:46 localhost kernel: Initmem setup node 0 [mem 0x0000000000001000-0x000000087fffffff]
Jun 30 16:53:46 localhost kernel: Initmem setup node 1 [mem 0x0000000880000000-0x000000107fffffff]
Jun 30 16:53:46 localhost kernel: ACPI: PM-Timer IO Port: 0x508
Jun 30 16:53:46 localhost kernel: ACPI: X2APIC_NMI (uid[0xffffffff] high level lint[0x1])
Jun 30 16:53:46 localhost kernel: ACPI: LAPIC_NMI (acpi_id[0xff] high level lint[0x1])
Jun 30 16:53:46 localhost kernel: IOAPIC[0]: apic_id 8, version 32, address 0xfec00000, GSI 0-23
Jun 30 16:53:46 localhost kernel: IOAPIC[1]: apic_id 9, version 32, address 0xfec01000, GSI 24-31
Jun 30 16:53:46 localhost kernel: IOAPIC[2]: apic_id 10, version 32, address 0xfec08000, GSI 32-39
Jun 30 16:53:46 localhost kernel: IOAPIC[3]: apic_id 11, version 32, address 0xfec10000, GSI 40-47
Jun 30 16:53:46 localhost kernel: IOAPIC[4]: apic_id 12, version 32, address 0xfec18000, GSI 48-55
Jun 30 16:53:46 localhost kernel: IOAPIC[5]: apic_id 15, version 32, address 0xfec20000, GSI 72-79
Jun 30 16:53:46 localhost kernel: IOAPIC[6]: apic_id 16, version 32, address 0xfec28000, GSI 80-87
Jun 30 16:53:46 localhost kernel: IOAPIC[7]: apic_id 17, version 32, address 0xfec30000, GSI 88-95
Jun 30 16:53:46 localhost kernel: IOAPIC[8]: apic_id 18, version 32, address 0xfec38000, GSI 96-103
Jun 30 16:53:46 localhost kernel: ACPI: INT_SRC_OVR (bus 0 bus_irq 0 global_irq 2 dfl dfl)
Jun 30 16:53:46 localhost kernel: ACPI: INT_SRC_OVR (bus 0 bus_irq 9 global_irq 9 high level)
Jun 30 16:53:46 localhost kernel: Using ACPI (MADT) for SMP configuration information
Jun 30 16:53:46 localhost kernel: ACPI: HPET id: 0x8086a701 base: 0xfed00000
Jun 30 16:53:46 localhost kernel: smpboot: Allowing 32 CPUs, 0 hotplug CPUs
Jun 30 16:53:46 localhost kernel: PM: Registered nosave memory: [mem 0x00000000-0x00000fff]
Jun 30 16:53:46 localhost kernel: PM: Registered nosave memory: [mem 0x000a0000-0x000fffff]
Jun 30 16:53:46 localhost kernel: PM: Registered nosave memory: [mem 0x4f5c7000-0x4f5c7fff]
Jun 30 16:53:46 localhost kernel: PM: Registered nosave memory: [mem 0x4f5f6000-0x4f5f6fff]
Jun 30 16:53:46 localhost kernel: PM: Registered nosave memory: [mem 0x4f5f7000-0x4f5f7fff]
Jun 30 16:53:46 localhost kernel: PM: Registered nosave memory: [mem 0x4f62f000-0x4f62ffff]
Jun 30 16:53:46 localhost kernel: PM: Registered nosave memory: [mem 0x4f630000-0x4f630fff]
Jun 30 16:53:46 localhost kernel: PM: Registered nosave memory: [mem 0x4f668000-0x4f668fff]
Jun 30 16:53:46 localhost kernel: PM: Registered nosave memory: [mem 0x4f669000-0x4f669fff]
Jun 30 16:53:46 localhost kernel: PM: Registered nosave memory: [mem 0x4f671000-0x4f671fff]
Jun 30 16:53:46 localhost kernel: PM: Registered nosave memory: [mem 0x4f672000-0x4f672fff]
Jun 30 16:53:46 localhost kernel: PM: Registered nosave memory: [mem 0x4f6a4000-0x4f6a4fff]
Jun 30 16:53:46 localhost kernel: PM: Registered nosave memory: [mem 0x4f6a5000-0x4f6a5fff]
Jun 30 16:53:46 localhost kernel: PM: Registered nosave memory: [mem 0x4f6d7000-0x4f6d7fff]
Jun 30 16:53:46 localhost kernel: PM: Registered nosave memory: [mem 0x4feea000-0x50021fff]
Jun 30 16:53:46 localhost kernel: PM: Registered nosave memory: [mem 0x682ff000-0x6ebfefff]
Jun 30 16:53:46 localhost kernel: PM: Registered nosave memory: [mem 0x6ebff000-0x6f9fefff]
Jun 30 16:53:46 localhost kernel: PM: Registered nosave memory: [mem 0x6f9ff000-0x6fffefff]
Jun 30 16:53:46 localhost kernel: PM: Registered nosave memory: [mem 0x70000000-0x8fffffff]
Jun 30 16:53:46 localhost kernel: PM: Registered nosave memory: [mem 0x90000000-0xfdffffff]
Jun 30 16:53:46 localhost kernel: PM: Registered nosave memory: [mem 0xfe000000-0xfe010fff]
Jun 30 16:53:46 localhost kernel: PM: Registered nosave memory: [mem 0xfe011000-0xffffffff]
Jun 30 16:53:46 localhost kernel: [mem 0x90000000-0xfdffffff] available for PCI devices
Jun 30 16:53:46 localhost kernel: Booting paravirtualized kernel on bare hardware
Jun 30 16:53:46 localhost kernel: clocksource: refined-jiffies: mask: 0xffffffff max_cycles: 0xffffffff, max_idle_ns: 1910969940391419 ns
Jun 30 16:53:46 localhost kernel: setup_percpu: NR_CPUS:8192 nr_cpumask_bits:32 nr_cpu_ids:32 nr_node_ids:2
Jun 30 16:53:46 localhost kernel: percpu: Embedded 54 pages/cpu s184320 r8192 d28672 u262144
Jun 30 16:53:46 localhost kernel: Built 2 zonelists, mobility grouping on.  Total pages: 16417472
Jun 30 16:53:46 localhost kernel: Policy zone: Normal
Jun 30 16:53:46 localhost kernel: Kernel command line: BOOT_IMAGE=(hd0,gpt4)/vmlinuz-4.18.0-348.el8.x86_64 root=/dev/mapper/rhel-root ro
Jun 30 16:53:46 localhost kernel: Specific versions of hardware are certified with Red Hat Enterprise Linux 8. Please see the list of hardware certified with Red Hat Enterprise Linux 8 at https://catalog.redhat.com.
Jun 30 16:53:46 localhost kernel: Memory: 1738532K/66717084K available (12293K kernel code, 2261K rwdata, 7872K rodata, 2492K init, 13944K bss, 1326348K reserved, 0K cma-reserved)
Jun 30 16:53:46 localhost kernel: SLUB: HWalign=64, Order=0-3, MinObjects=0, CPUs=32, Nodes=2
Jun 30 16:53:46 localhost kernel: ftrace: allocating 39481 entries in 155 pages
Jun 30 16:53:46 localhost kernel: ftrace: allocated 155 pages with 5 groups
Jun 30 16:53:46 localhost kernel: rcu: Hierarchical RCU implementation.
Jun 30 16:53:46 localhost kernel: rcu: #011RCU restricting CPUs from NR_CPUS=8192 to nr_cpu_ids=32.
Jun 30 16:53:46 localhost kernel: #011Rude variant of Tasks RCU enabled.
Jun 30 16:53:46 localhost kernel: #011Tracing variant of Tasks RCU enabled.
Jun 30 16:53:46 localhost kernel: rcu: RCU calculated value of scheduler-enlistment delay is 100 jiffies.
Jun 30 16:53:46 localhost kernel: rcu: Adjusting geometry for rcu_fanout_leaf=16, nr_cpu_ids=32
Jun 30 16:53:46 localhost kernel: NR_IRQS: 524544, nr_irqs: 2040, preallocated irqs: 16
Jun 30 16:53:46 localhost kernel: random: crng done (trusting CPU's manufacturer)
Jun 30 16:53:46 localhost kernel: Console: colour dummy device 80x25
Jun 30 16:53:46 localhost kernel: printk: console [tty0] enabled
Jun 30 16:53:46 localhost kernel: mempolicy: Enabling automatic NUMA balancing. Configure with numa_balancing= or the kernel.numa_balancing sysctl
Jun 30 16:53:46 localhost kernel: ACPI: Core revision 20210105
Jun 30 16:53:46 localhost kernel: clocksource: hpet: mask: 0xffffffff max_cycles: 0xffffffff, max_idle_ns: 79635855245 ns
Jun 30 16:53:46 localhost kernel: APIC: Switch to symmetric I/O mode setup
Jun 30 16:53:46 localhost kernel: DMAR: Host address width 46
Jun 30 16:53:46 localhost kernel: DMAR: DRHD base: 0x000000d37fc000 flags: 0x0
Jun 30 16:53:46 localhost kernel: DMAR: dmar0: reg_base_addr d37fc000 ver 1:0 cap 8d2078c106f0466 ecap f020df
Jun 30 16:53:46 localhost kernel: DMAR: DRHD base: 0x000000e0ffc000 flags: 0x0
Jun 30 16:53:46 localhost kernel: DMAR: dmar1: reg_base_addr e0ffc000 ver 1:0 cap 8d2078c106f0466 ecap f020df
Jun 30 16:53:46 localhost kernel: DMAR: DRHD base: 0x000000ee7fc000 flags: 0x0
Jun 30 16:53:46 localhost kernel: DMAR: dmar2: reg_base_addr ee7fc000 ver 1:0 cap 8d2078c106f0466 ecap f020df
Jun 30 16:53:46 localhost kernel: DMAR: DRHD base: 0x000000fbffc000 flags: 0x0
Jun 30 16:53:46 localhost kernel: DMAR: dmar3: reg_base_addr fbffc000 ver 1:0 cap 8d2078c106f0466 ecap f020df
Jun 30 16:53:46 localhost kernel: DMAR: DRHD base: 0x000000aaffc000 flags: 0x0
Jun 30 16:53:46 localhost kernel: DMAR: dmar4: reg_base_addr aaffc000 ver 1:0 cap 8d2078c106f0466 ecap f020df
Jun 30 16:53:46 localhost kernel: DMAR: DRHD base: 0x000000b87fc000 flags: 0x0
Jun 30 16:53:46 localhost kernel: DMAR: dmar5: reg_base_addr b87fc000 ver 1:0 cap 8d2078c106f0466 ecap f020df
Jun 30 16:53:46 localhost kernel: DMAR: DRHD base: 0x000000c5ffc000 flags: 0x0
Jun 30 16:53:46 localhost kernel: DMAR: dmar6: reg_base_addr c5ffc000 ver 1:0 cap 8d2078c106f0466 ecap f020df
Jun 30 16:53:46 localhost kernel: DMAR: DRHD base: 0x0000009d7fc000 flags: 0x1
Jun 30 16:53:46 localhost kernel: DMAR: dmar7: reg_base_addr 9d7fc000 ver 1:0 cap 8d2078c106f0466 ecap f020df
Jun 30 16:53:46 localhost kernel: DMAR: RMRR base: 0x0000006f55f000 end: 0x0000006f561fff
Jun 30 16:53:46 localhost kernel: DMAR: [Firmware Bug]: No firmware reserved region can cover this RMRR [0x000000006f55f000-0x000000006f561fff], contact BIOS vendor for fixes
Jun 30 16:53:46 localhost kernel: DMAR: [Firmware Bug]: Your BIOS is broken; bad RMRR [0x000000006f55f000-0x000000006f561fff]#012BIOS vendor: Dell Inc.; Ver: 2.14.2; Product Version: 
Jun 30 16:53:46 localhost kernel: DMAR: ATSR flags: 0x0
Jun 30 16:53:46 localhost kernel: DMAR: ATSR flags: 0x0
Jun 30 16:53:46 localhost kernel: DMAR-IR: IOAPIC id 12 under DRHD base  0xc5ffc000 IOMMU 6
Jun 30 16:53:46 localhost kernel: DMAR-IR: IOAPIC id 11 under DRHD base  0xb87fc000 IOMMU 5
Jun 30 16:53:46 localhost kernel: DMAR-IR: IOAPIC id 10 under DRHD base  0xaaffc000 IOMMU 4
Jun 30 16:53:46 localhost kernel: DMAR-IR: IOAPIC id 18 under DRHD base  0xfbffc000 IOMMU 3
Jun 30 16:53:46 localhost kernel: DMAR-IR: IOAPIC id 17 under DRHD base  0xee7fc000 IOMMU 2
Jun 30 16:53:46 localhost kernel: DMAR-IR: IOAPIC id 16 under DRHD base  0xe0ffc000 IOMMU 1
Jun 30 16:53:46 localhost kernel: DMAR-IR: IOAPIC id 15 under DRHD base  0xd37fc000 IOMMU 0
Jun 30 16:53:46 localhost kernel: DMAR-IR: IOAPIC id 8 under DRHD base  0x9d7fc000 IOMMU 7
Jun 30 16:53:46 localhost kernel: DMAR-IR: IOAPIC id 9 under DRHD base  0x9d7fc000 IOMMU 7
Jun 30 16:53:46 localhost kernel: DMAR-IR: HPET id 0 under DRHD base 0x9d7fc000
Jun 30 16:53:46 localhost kernel: DMAR-IR: Queued invalidation will be enabled to support x2apic and Intr-remapping.
Jun 30 16:53:46 localhost kernel: DMAR-IR: Enabled IRQ remapping in x2apic mode
Jun 30 16:53:46 localhost kernel: ..TIMER: vector=0x30 apic1=0 pin1=2 apic2=-1 pin2=-1
Jun 30 16:53:46 localhost kernel: clocksource: tsc-early: mask: 0xffffffffffffffff max_cycles: 0x2f914c51abd, max_idle_ns: 440795298667 ns
Jun 30 16:53:46 localhost kernel: Calibrating delay loop (skipped), value calculated using timer frequency.. 6600.00 BogoMIPS (lpj=3300000)
Jun 30 16:53:46 localhost kernel: pid_max: default: 32768 minimum: 301
Jun 30 16:53:46 localhost kernel: LSM: Security Framework initializing
Jun 30 16:53:46 localhost kernel: Yama: becoming mindful.
Jun 30 16:53:46 localhost kernel: SELinux:  Initializing.
Jun 30 16:53:46 localhost kernel: LSM support for eBPF active
Jun 30 16:53:46 localhost kernel: Dentry cache hash table entries: 8388608 (order: 14, 67108864 bytes, vmalloc)
Jun 30 16:53:46 localhost kernel: Inode-cache hash table entries: 4194304 (order: 13, 33554432 bytes, vmalloc)
Jun 30 16:53:46 localhost kernel: Mount-cache hash table entries: 131072 (order: 8, 1048576 bytes, vmalloc)
Jun 30 16:53:46 localhost kernel: Mountpoint-cache hash table entries: 131072 (order: 8, 1048576 bytes, vmalloc)
Jun 30 16:53:46 localhost kernel: CPU0: Thermal monitoring enabled (TM1)
Jun 30 16:53:46 localhost kernel: process: using mwait in idle threads
Jun 30 16:53:46 localhost kernel: Last level iTLB entries: 4KB 64, 2MB 8, 4MB 8
Jun 30 16:53:46 localhost kernel: Last level dTLB entries: 4KB 64, 2MB 0, 4MB 0, 1GB 4
Jun 30 16:53:46 localhost kernel: FEATURE SPEC_CTRL Present
Jun 30 16:53:46 localhost kernel: FEATURE IBPB_SUPPORT Present
Jun 30 16:53:46 localhost kernel: Spectre V1 : Mitigation: usercopy/swapgs barriers and __user pointer sanitization
Jun 30 16:53:46 localhost kernel: Spectre V2 : Mitigation: Enhanced IBRS
Jun 30 16:53:46 localhost kernel: Spectre V2 : Spectre v2 / SpectreRSB mitigation: Filling RSB on context switch
Jun 30 16:53:46 localhost kernel: Spectre V2 : mitigation: Enabling conditional Indirect Branch Prediction Barrier
Jun 30 16:53:46 localhost kernel: Speculative Store Bypass: Mitigation: Speculative Store Bypass disabled via prctl and seccomp
Jun 30 16:53:46 localhost kernel: TAA: Mitigation: TSX disabled
Jun 30 16:53:46 localhost kernel: Freeing SMP alternatives memory: 32K
Jun 30 16:53:46 localhost kernel: smpboot: Estimated ratio of average max frequency by base frequency (times 1024): 1241
Jun 30 16:53:46 localhost kernel: smpboot: CPU0: Intel(R) Xeon(R) Gold 6234 CPU @ 3.30GHz (family: 0x6, model: 0x55, stepping: 0x7)
Jun 30 16:53:46 localhost kernel: Performance Events: PEBS fmt3+, Skylake events, 32-deep LBR, full-width counters, Intel PMU driver.
Jun 30 16:53:46 localhost kernel: ... version:                4
Jun 30 16:53:46 localhost kernel: ... bit width:              48
Jun 30 16:53:46 localhost kernel: ... generic registers:      4
Jun 30 16:53:46 localhost kernel: ... value mask:             0000ffffffffffff
Jun 30 16:53:46 localhost kernel: ... max period:             00007fffffffffff
Jun 30 16:53:46 localhost kernel: ... fixed-purpose events:   3
Jun 30 16:53:46 localhost kernel: ... event mask:             000000070000000f
Jun 30 16:53:46 localhost kernel: rcu: Hierarchical SRCU implementation.
Jun 30 16:53:46 localhost kernel: NMI watchdog: Enabled. Permanently consumes one hw-PMU counter.
Jun 30 16:53:46 localhost kernel: smp: Bringing up secondary CPUs ...
Jun 30 16:53:46 localhost kernel: x86: Booting SMP configuration:
Jun 30 16:53:46 localhost kernel: .... node  #1, CPUs:        #1
Jun 30 16:53:46 localhost kernel: smpboot: CPU 1 Converting physical 0 to logical die 1
Jun 30 16:53:46 localhost kernel: .... node  #0, CPUs:    #2
Jun 30 16:53:46 localhost kernel: .... node  #1, CPUs:    #3
Jun 30 16:53:46 localhost kernel: .... node  #0, CPUs:    #4
Jun 30 16:53:46 localhost kernel: .... node  #1, CPUs:    #5
Jun 30 16:53:46 localhost kernel: .... node  #0, CPUs:    #6
Jun 30 16:53:46 localhost kernel: .... node  #1, CPUs:    #7
Jun 30 16:53:46 localhost kernel: .... node  #0, CPUs:    #8
Jun 30 16:53:46 localhost kernel: .... node  #1, CPUs:    #9
Jun 30 16:53:46 localhost kernel: .... node  #0, CPUs:   #10
Jun 30 16:53:46 localhost kernel: .... node  #1, CPUs:   #11
Jun 30 16:53:46 localhost kernel: .... node  #0, CPUs:   #12
Jun 30 16:53:46 localhost kernel: .... node  #1, CPUs:   #13
Jun 30 16:53:46 localhost kernel: .... node  #0, CPUs:   #14
Jun 30 16:53:46 localhost kernel: .... node  #1, CPUs:   #15
Jun 30 16:53:46 localhost kernel: .... node  #0, CPUs:   #16
Jun 30 16:53:46 localhost kernel: .... node  #1, CPUs:   #17
Jun 30 16:53:46 localhost kernel: .... node  #0, CPUs:   #18
Jun 30 16:53:46 localhost kernel: .... node  #1, CPUs:   #19
Jun 30 16:53:46 localhost kernel: .... node  #0, CPUs:   #20
Jun 30 16:53:46 localhost kernel: .... node  #1, CPUs:   #21
Jun 30 16:53:46 localhost kernel: .... node  #0, CPUs:   #22
Jun 30 16:53:46 localhost kernel: .... node  #1, CPUs:   #23
Jun 30 16:53:46 localhost kernel: .... node  #0, CPUs:   #24
Jun 30 16:53:46 localhost kernel: .... node  #1, CPUs:   #25
Jun 30 16:53:46 localhost kernel: .... node  #0, CPUs:   #26
Jun 30 16:53:46 localhost kernel: .... node  #1, CPUs:   #27
Jun 30 16:53:46 localhost kernel: .... node  #0, CPUs:   #28
Jun 30 16:53:46 localhost kernel: .... node  #1, CPUs:   #29
Jun 30 16:53:46 localhost kernel: .... node  #0, CPUs:   #30
Jun 30 16:53:46 localhost kernel: .... node  #1, CPUs:   #31
Jun 30 16:53:46 localhost kernel: smp: Brought up 2 nodes, 32 CPUs
Jun 30 16:53:46 localhost kernel: smpboot: Max logical packages: 2
Jun 30 16:53:46 localhost kernel: smpboot: Total of 32 processors activated (211299.64 BogoMIPS)
Jun 30 16:53:46 localhost kernel: node 0 deferred pages initialised in 52ms
Jun 30 16:53:46 localhost kernel: node 1 deferred pages initialised in 65ms
Jun 30 16:53:46 localhost kernel: devtmpfs: initialized
Jun 30 16:53:46 localhost kernel: x86/mm: Memory block size: 2048MB
Jun 30 16:53:46 localhost kernel: PM: Registering ACPI NVS region [mem 0x6ebff000-0x6f9fefff] (14680064 bytes)
Jun 30 16:53:46 localhost kernel: clocksource: jiffies: mask: 0xffffffff max_cycles: 0xffffffff, max_idle_ns: 1911260446275000 ns
Jun 30 16:53:46 localhost kernel: futex hash table entries: 8192 (order: 7, 524288 bytes, vmalloc)
Jun 30 16:53:46 localhost kernel: pinctrl core: initialized pinctrl subsystem
Jun 30 16:53:46 localhost kernel: NET: Registered protocol family 16
Jun 30 16:53:46 localhost kernel: DMA: preallocated 4096 KiB GFP_KERNEL pool for atomic allocations
Jun 30 16:53:46 localhost kernel: DMA: preallocated 4096 KiB GFP_KERNEL|GFP_DMA pool for atomic allocations
Jun 30 16:53:46 localhost kernel: DMA: preallocated 4096 KiB GFP_KERNEL|GFP_DMA32 pool for atomic allocations
Jun 30 16:53:46 localhost kernel: audit: initializing netlink subsys (disabled)
Jun 30 16:53:46 localhost kernel: audit: type=2000 audit(1656626023.267:1): state=initialized audit_enabled=0 res=1
Jun 30 16:53:46 localhost kernel: cpuidle: using governor menu
Jun 30 16:53:46 localhost kernel: Detected 1 PCC Subspaces
Jun 30 16:53:46 localhost kernel: Registering PCC driver as Mailbox controller
Jun 30 16:53:46 localhost kernel: ACPI FADT declares the system doesn't support PCIe ASPM, so disable it
Jun 30 16:53:46 localhost kernel: ACPI: bus type PCI registered
Jun 30 16:53:46 localhost kernel: acpiphp: ACPI Hot Plug PCI Controller Driver version: 0.5
Jun 30 16:53:46 localhost kernel: PCI: MMCONFIG for domain 0000 [bus 00-ff] at [mem 0x80000000-0x8fffffff] (base 0x80000000)
Jun 30 16:53:46 localhost kernel: PCI: MMCONFIG at [mem 0x80000000-0x8fffffff] reserved in E820
Jun 30 16:53:46 localhost kernel: PCI: Using configuration type 1 for base access
Jun 30 16:53:46 localhost kernel: PCI: Dell System detected, enabling pci=bfsort.
Jun 30 16:53:46 localhost kernel: HugeTLB registered 1.00 GiB page size, pre-allocated 0 pages
Jun 30 16:53:46 localhost kernel: HugeTLB registered 2.00 MiB page size, pre-allocated 0 pages
Jun 30 16:53:46 localhost kernel: cryptd: max_cpu_qlen set to 1000
Jun 30 16:53:46 localhost kernel: fbcon: Taking over console
Jun 30 16:53:46 localhost kernel: ACPI: Added _OSI(Module Device)
Jun 30 16:53:46 localhost kernel: ACPI: Added _OSI(Processor Device)
Jun 30 16:53:46 localhost kernel: ACPI: Added _OSI(3.0 _SCP Extensions)
Jun 30 16:53:46 localhost kernel: ACPI: Added _OSI(Processor Aggregator Device)
Jun 30 16:53:46 localhost kernel: ACPI: Added _OSI(Linux-Dell-Video)
Jun 30 16:53:46 localhost kernel: ACPI: Added _OSI(Linux-Lenovo-NV-HDMI-Audio)
Jun 30 16:53:46 localhost kernel: ACPI: Added _OSI(Linux-HPI-Hybrid-Graphics)
Jun 30 16:53:46 localhost kernel: ACPI: 6 ACPI AML tables successfully acquired and loaded
Jun 30 16:53:46 localhost kernel: ACPI: [Firmware Bug]: BIOS _OSI(Linux) query ignored
Jun 30 16:53:46 localhost kernel: ACPI: Dynamic OEM Table Load:
Jun 30 16:53:46 localhost kernel: ACPI: Interpreter enabled
Jun 30 16:53:46 localhost kernel: ACPI: (supports S0 S5)
Jun 30 16:53:46 localhost kernel: ACPI: Using IOAPIC for interrupt routing
Jun 30 16:53:46 localhost kernel: HEST: Table parsing has been initialized.
Jun 30 16:53:46 localhost kernel: PCI: Using host bridge windows from ACPI; if necessary, use "pci=nocrs" and report a bug
Jun 30 16:53:46 localhost kernel: ACPI: Enabled 5 GPEs in block 00 to 7F
Jun 30 16:53:46 localhost kernel: ACPI: PCI Root Bridge [PC00] (domain 0000 [bus 00-16])
Jun 30 16:53:46 localhost kernel: acpi PNP0A08:00: _OSC: OS supports [ExtendedConfig ASPM ClockPM Segments MSI EDR HPX-Type3]
Jun 30 16:53:46 localhost kernel: acpi PNP0A08:00: _OSC: platform does not support [SHPCHotplug AER LTR DPC]
Jun 30 16:53:46 localhost kernel: acpi PNP0A08:00: _OSC: OS now controls [PCIeHotplug PME PCIeCapability]
Jun 30 16:53:46 localhost kernel: acpi PNP0A08:00: FADT indicates ASPM is unsupported, using BIOS configuration
Jun 30 16:53:46 localhost kernel: PCI host bridge to bus 0000:00
Jun 30 16:53:46 localhost kernel: pci_bus 0000:00: root bus resource [io  0x0000-0x0cf7 window]
Jun 30 16:53:46 localhost kernel: pci_bus 0000:00: root bus resource [io  0x1000-0x3fff window]
Jun 30 16:53:46 localhost kernel: pci_bus 0000:00: root bus resource [mem 0x000a0000-0x000bffff window]
Jun 30 16:53:46 localhost kernel: pci_bus 0000:00: root bus resource [mem 0x000c4000-0x000c7fff window]
Jun 30 16:53:46 localhost kernel: pci_bus 0000:00: root bus resource [mem 0xfe010000-0xfe010fff window]
Jun 30 16:53:46 localhost kernel: pci_bus 0000:00: root bus resource [mem 0x90000000-0x9d7fffff window]
Jun 30 16:53:46 localhost kernel: pci_bus 0000:00: root bus resource [mem 0x380000000000-0x383fffffffff window]
Jun 30 16:53:46 localhost kernel: pci_bus 0000:00: root bus resource [bus 00-16]
Jun 30 16:53:46 localhost kernel: pci 0000:00:00.0: [8086:2020] type 00 class 0x060000
Jun 30 16:53:46 localhost kernel: pci 0000:00:05.0: [8086:2024] type 00 class 0x088000
Jun 30 16:53:46 localhost kernel: pci 0000:00:05.2: [8086:2025] type 00 class 0x088000
Jun 30 16:53:46 localhost kernel: pci 0000:00:05.4: [8086:2026] type 00 class 0x080020
Jun 30 16:53:46 localhost kernel: pci 0000:00:05.4: reg 0x10: [mem 0x92b20000-0x92b20fff]
Jun 30 16:53:46 localhost kernel: pci 0000:00:08.0: [8086:2014] type 00 class 0x088000
Jun 30 16:53:46 localhost kernel: pci 0000:00:08.1: [8086:2015] type 00 class 0x110100
Jun 30 16:53:46 localhost kernel: pci 0000:00:08.2: [8086:2016] type 00 class 0x088000
Jun 30 16:53:46 localhost kernel: pci 0000:00:11.0: [8086:a1ec] type 00 class 0xff0000
Jun 30 16:53:46 localhost kernel: pci 0000:00:11.0: device has non-compliant BARs; disabling IO/MEM decoding
Jun 30 16:53:46 localhost kernel: pci 0000:00:11.5: [8086:a1d2] type 00 class 0x010601
Jun 30 16:53:46 localhost kernel: pci 0000:00:11.5: reg 0x10: [mem 0x92b16000-0x92b17fff]
Jun 30 16:53:46 localhost kernel: pci 0000:00:11.5: reg 0x14: [mem 0x92b1f000-0x92b1f0ff]
Jun 30 16:53:46 localhost kernel: pci 0000:00:11.5: reg 0x18: [io  0x2068-0x206f]
Jun 30 16:53:46 localhost kernel: pci 0000:00:11.5: reg 0x1c: [io  0x2074-0x2077]
Jun 30 16:53:46 localhost kernel: pci 0000:00:11.5: reg 0x20: [io  0x2040-0x205f]
Jun 30 16:53:46 localhost kernel: pci 0000:00:11.5: reg 0x24: [mem 0x92a80000-0x92afffff]
Jun 30 16:53:46 localhost kernel: pci 0000:00:11.5: PME# supported from D3hot
Jun 30 16:53:46 localhost kernel: pci 0000:00:14.0: [8086:a1af] type 00 class 0x0c0330
Jun 30 16:53:46 localhost kernel: pci 0000:00:14.0: reg 0x10: [mem 0x92b00000-0x92b0ffff 64bit]
Jun 30 16:53:46 localhost kernel: pci 0000:00:14.0: PME# supported from D3hot D3cold
Jun 30 16:53:46 localhost kernel: pci 0000:00:14.2: [8086:a1b1] type 00 class 0x118000
Jun 30 16:53:46 localhost kernel: pci 0000:00:14.2: reg 0x10: [mem 0x92b1c000-0x92b1cfff 64bit]
Jun 30 16:53:46 localhost kernel: pci 0000:00:16.0: [8086:a1ba] type 00 class 0x078000
Jun 30 16:53:46 localhost kernel: pci 0000:00:16.0: reg 0x10: [mem 0x92b1b000-0x92b1bfff 64bit]
Jun 30 16:53:46 localhost kernel: pci 0000:00:16.0: PME# supported from D3hot
Jun 30 16:53:46 localhost kernel: pci 0000:00:16.1: [8086:a1bb] type 00 class 0x078000
Jun 30 16:53:46 localhost kernel: pci 0000:00:16.1: reg 0x10: [mem 0x92b1a000-0x92b1afff 64bit]
Jun 30 16:53:46 localhost kernel: pci 0000:00:16.1: PME# supported from D3hot
Jun 30 16:53:46 localhost kernel: pci 0000:00:16.4: [8086:a1be] type 00 class 0x078000
Jun 30 16:53:46 localhost kernel: pci 0000:00:16.4: reg 0x10: [mem 0x92b19000-0x92b19fff 64bit]
Jun 30 16:53:46 localhost kernel: pci 0000:00:16.4: PME# supported from D3hot
Jun 30 16:53:46 localhost kernel: pci 0000:00:17.0: [8086:a182] type 00 class 0x010601
Jun 30 16:53:46 localhost kernel: pci 0000:00:17.0: reg 0x10: [mem 0x92b14000-0x92b15fff]
Jun 30 16:53:46 localhost kernel: pci 0000:00:17.0: reg 0x14: [mem 0x92b1e000-0x92b1e0ff]
Jun 30 16:53:46 localhost kernel: pci 0000:00:17.0: reg 0x18: [io  0x2060-0x2067]
Jun 30 16:53:46 localhost kernel: pci 0000:00:17.0: reg 0x1c: [io  0x2070-0x2073]
Jun 30 16:53:46 localhost kernel: pci 0000:00:17.0: reg 0x20: [io  0x2020-0x203f]
Jun 30 16:53:46 localhost kernel: pci 0000:00:17.0: reg 0x24: [mem 0x92a00000-0x92a7ffff]
Jun 30 16:53:46 localhost kernel: pci 0000:00:17.0: PME# supported from D3hot
Jun 30 16:53:46 localhost kernel: pci 0000:00:1c.0: [8086:a190] type 01 class 0x060400
Jun 30 16:53:46 localhost kernel: pci 0000:00:1c.0: PME# supported from D0 D3hot D3cold
Jun 30 16:53:46 localhost kernel: pci 0000:00:1c.4: [8086:a194] type 01 class 0x060400
Jun 30 16:53:46 localhost kernel: pci 0000:00:1c.4: PME# supported from D0 D3hot D3cold
Jun 30 16:53:46 localhost kernel: pci 0000:00:1f.0: [8086:a1c1] type 00 class 0x060100
Jun 30 16:53:46 localhost kernel: pci 0000:00:1f.2: [8086:a1a1] type 00 class 0x058000
Jun 30 16:53:46 localhost kernel: pci 0000:00:1f.2: reg 0x10: [mem 0x92b10000-0x92b13fff]
Jun 30 16:53:46 localhost kernel: pci 0000:00:1f.4: [8086:a1a3] type 00 class 0x0c0500
Jun 30 16:53:46 localhost kernel: pci 0000:00:1f.4: reg 0x10: [mem 0x92b18000-0x92b180ff 64bit]
Jun 30 16:53:46 localhost kernel: pci 0000:00:1f.4: reg 0x20: [io  0x2000-0x201f]
Jun 30 16:53:46 localhost kernel: pci 0000:00:1f.5: [8086:a1a4] type 00 class 0x0c8000
Jun 30 16:53:46 localhost kernel: pci 0000:00:1f.5: reg 0x10: [mem 0xfe010000-0xfe010fff]
Jun 30 16:53:46 localhost kernel: pci 0000:01:00.0: [14e4:165f] type 00 class 0x020000
Jun 30 16:53:46 localhost kernel: pci 0000:01:00.0: reg 0x10: [mem 0x92930000-0x9293ffff 64bit pref]
Jun 30 16:53:46 localhost kernel: pci 0000:01:00.0: reg 0x18: [mem 0x92940000-0x9294ffff 64bit pref]
Jun 30 16:53:46 localhost kernel: pci 0000:01:00.0: reg 0x20: [mem 0x92950000-0x9295ffff 64bit pref]
Jun 30 16:53:46 localhost kernel: pci 0000:01:00.0: reg 0x30: [mem 0xfffc0000-0xffffffff pref]
Jun 30 16:53:46 localhost kernel: pci 0000:01:00.0: PME# supported from D0 D3hot D3cold
Jun 30 16:53:46 localhost kernel: pci 0000:01:00.1: [14e4:165f] type 00 class 0x020000
Jun 30 16:53:46 localhost kernel: pci 0000:01:00.1: reg 0x10: [mem 0x92900000-0x9290ffff 64bit pref]
Jun 30 16:53:46 localhost kernel: pci 0000:01:00.1: reg 0x18: [mem 0x92910000-0x9291ffff 64bit pref]
Jun 30 16:53:46 localhost kernel: pci 0000:01:00.1: reg 0x20: [mem 0x92920000-0x9292ffff 64bit pref]
Jun 30 16:53:46 localhost kernel: pci 0000:01:00.1: reg 0x30: [mem 0xfffc0000-0xffffffff pref]
Jun 30 16:53:46 localhost kernel: pci 0000:01:00.1: PME# supported from D0 D3hot D3cold
Jun 30 16:53:46 localhost kernel: pci 0000:00:1c.0: PCI bridge to [bus 01]
Jun 30 16:53:46 localhost kernel: pci 0000:00:1c.0:   bridge window [mem 0x92900000-0x929fffff 64bit pref]
Jun 30 16:53:46 localhost kernel: pci 0000:02:00.0: [1556:be00] type 01 class 0x060400
Jun 30 16:53:46 localhost kernel: pci 0000:00:1c.4: PCI bridge to [bus 02-03]
Jun 30 16:53:46 localhost kernel: pci 0000:00:1c.4:   bridge window [mem 0x92000000-0x928fffff]
Jun 30 16:53:46 localhost kernel: pci 0000:00:1c.4:   bridge window [mem 0x91000000-0x91ffffff 64bit pref]
Jun 30 16:53:46 localhost kernel: pci_bus 0000:03: extended config space not accessible
Jun 30 16:53:46 localhost kernel: pci 0000:03:00.0: [102b:0536] type 00 class 0x030000
Jun 30 16:53:46 localhost kernel: pci 0000:03:00.0: reg 0x10: [mem 0x91000000-0x91ffffff pref]
Jun 30 16:53:46 localhost kernel: pci 0000:03:00.0: reg 0x14: [mem 0x92808000-0x9280bfff]
Jun 30 16:53:46 localhost kernel: pci 0000:03:00.0: reg 0x18: [mem 0x92000000-0x927fffff]
Jun 30 16:53:46 localhost kernel: pci 0000:03:00.0: BAR 0: assigned to efifb
Jun 30 16:53:46 localhost kernel: pci 0000:02:00.0: PCI bridge to [bus 03]
Jun 30 16:53:46 localhost kernel: pci 0000:02:00.0:   bridge window [mem 0x92000000-0x928fffff]
Jun 30 16:53:46 localhost kernel: pci 0000:02:00.0:   bridge window [mem 0x91000000-0x91ffffff 64bit pref]
Jun 30 16:53:46 localhost kernel: ACPI: PCI Interrupt Link [LNKA] (IRQs 3 4 5 6 10 *11 12 14 15)
Jun 30 16:53:46 localhost kernel: ACPI: PCI Interrupt Link [LNKB] (IRQs 3 4 5 *6 10 11 12 14 15)
Jun 30 16:53:46 localhost kernel: ACPI: PCI Interrupt Link [LNKC] (IRQs 3 4 *5 6 10 11 12 14 15)
Jun 30 16:53:46 localhost kernel: ACPI: PCI Interrupt Link [LNKD] (IRQs 3 4 5 6 10 *11 12 14 15)
Jun 30 16:53:46 localhost kernel: ACPI: PCI Interrupt Link [LNKE] (IRQs 3 4 5 6 10 *11 12 14 15)
Jun 30 16:53:46 localhost kernel: ACPI: PCI Interrupt Link [LNKF] (IRQs 3 4 5 *6 10 11 12 14 15)
Jun 30 16:53:46 localhost kernel: ACPI: PCI Interrupt Link [LNKG] (IRQs 3 4 *5 6 10 11 12 14 15)
Jun 30 16:53:46 localhost kernel: ACPI: PCI Interrupt Link [LNKH] (IRQs 3 4 5 6 10 *11 12 14 15)
Jun 30 16:53:46 localhost kernel: ACPI: PCI Root Bridge [PC01] (domain 0000 [bus 17-39])
Jun 30 16:53:46 localhost kernel: acpi PNP0A08:01: _OSC: OS supports [ExtendedConfig ASPM ClockPM Segments MSI EDR HPX-Type3]
Jun 30 16:53:46 localhost kernel: acpi PNP0A08:01: _OSC: platform does not support [SHPCHotplug AER LTR DPC]
Jun 30 16:53:46 localhost kernel: acpi PNP0A08:01: _OSC: OS now controls [PCIeHotplug PME PCIeCapability]
Jun 30 16:53:46 localhost kernel: acpi PNP0A08:01: FADT indicates ASPM is unsupported, using BIOS configuration
Jun 30 16:53:46 localhost kernel: PCI host bridge to bus 0000:17
Jun 30 16:53:46 localhost kernel: pci_bus 0000:17: root bus resource [io  0x4000-0x5fff window]
Jun 30 16:53:46 localhost kernel: pci_bus 0000:17: root bus resource [mem 0x9d800000-0xaaffffff window]
Jun 30 16:53:46 localhost kernel: pci_bus 0000:17: root bus resource [mem 0x384000000000-0x387fffffffff window]
Jun 30 16:53:46 localhost kernel: pci_bus 0000:17: root bus resource [bus 17-39]
Jun 30 16:53:46 localhost kernel: pci 0000:17:02.0: [8086:2032] type 01 class 0x060400
Jun 30 16:53:46 localhost kernel: pci 0000:17:02.0: PME# supported from D0 D3hot D3cold
Jun 30 16:53:46 localhost kernel: pci 0000:17:05.0: [8086:2034] type 00 class 0x088000
Jun 30 16:53:46 localhost kernel: pci 0000:17:05.2: [8086:2035] type 00 class 0x088000
Jun 30 16:53:46 localhost kernel: pci 0000:17:05.4: [8086:2036] type 00 class 0x080020
Jun 30 16:53:46 localhost kernel: pci 0000:17:05.4: reg 0x10: [mem 0x9db00000-0x9db00fff]
Jun 30 16:53:46 localhost kernel: pci 0000:17:08.0: [8086:208d] type 00 class 0x088000
Jun 30 16:53:46 localhost kernel: pci 0000:17:08.1: [8086:208d] type 00 class 0x088000
Jun 30 16:53:46 localhost kernel: pci 0000:17:08.2: [8086:208d] type 00 class 0x088000
Jun 30 16:53:46 localhost kernel: pci 0000:17:08.3: [8086:208d] type 00 class 0x088000
Jun 30 16:53:46 localhost kernel: pci 0000:17:08.4: [8086:208d] type 00 class 0x088000
Jun 30 16:53:46 localhost kernel: pci 0000:17:08.5: [8086:208d] type 00 class 0x088000
Jun 30 16:53:46 localhost kernel: pci 0000:17:08.6: [8086:208d] type 00 class 0x088000
Jun 30 16:53:46 localhost kernel: pci 0000:17:08.7: [8086:208d] type 00 class 0x088000
Jun 30 16:53:46 localhost kernel: pci 0000:17:09.0: [8086:208d] type 00 class 0x088000
Jun 30 16:53:46 localhost kernel: pci 0000:17:09.1: [8086:208d] type 00 class 0x088000
Jun 30 16:53:46 localhost kernel: pci 0000:17:09.2: [8086:208d] type 00 class 0x088000
Jun 30 16:53:46 localhost kernel: pci 0000:17:09.3: [8086:208d] type 00 class 0x088000
Jun 30 16:53:46 localhost kernel: pci 0000:17:09.4: [8086:208d] type 00 class 0x088000
Jun 30 16:53:46 localhost kernel: pci 0000:17:09.5: [8086:208d] type 00 class 0x088000
Jun 30 16:53:46 localhost kernel: pci 0000:17:09.6: [8086:208d] type 00 class 0x088000
Jun 30 16:53:46 localhost kernel: pci 0000:17:09.7: [8086:208d] type 00 class 0x088000
Jun 30 16:53:46 localhost kernel: pci 0000:17:0a.0: [8086:208d] type 00 class 0x088000
Jun 30 16:53:46 localhost kernel: pci 0000:17:0a.1: [8086:208d] type 00 class 0x088000
Jun 30 16:53:46 localhost kernel: pci 0000:17:0a.2: [8086:208d] type 00 class 0x088000
Jun 30 16:53:46 localhost kernel: pci 0000:17:0a.3: [8086:208d] type 00 class 0x088000
Jun 30 16:53:46 localhost kernel: pci 0000:17:0a.4: [8086:208d] type 00 class 0x088000
Jun 30 16:53:46 localhost kernel: pci 0000:17:0a.5: [8086:208d] type 00 class 0x088000
Jun 30 16:53:46 localhost kernel: pci 0000:17:0a.6: [8086:208d] type 00 class 0x088000
Jun 30 16:53:46 localhost kernel: pci 0000:17:0a.7: [8086:208d] type 00 class 0x088000
Jun 30 16:53:46 localhost kernel: pci 0000:17:0b.0: [8086:208d] type 00 class 0x088000
Jun 30 16:53:46 localhost kernel: pci 0000:17:0b.1: [8086:208d] type 00 class 0x088000
Jun 30 16:53:46 localhost kernel: pci 0000:17:0b.2: [8086:208d] type 00 class 0x088000
Jun 30 16:53:46 localhost kernel: pci 0000:17:0b.3: [8086:208d] type 00 class 0x088000
Jun 30 16:53:46 localhost kernel: pci 0000:17:0e.0: [8086:208e] type 00 class 0x088000
Jun 30 16:53:46 localhost kernel: pci 0000:17:0e.1: [8086:208e] type 00 class 0x088000
Jun 30 16:53:46 localhost kernel: pci 0000:17:0e.2: [8086:208e] type 00 class 0x088000
Jun 30 16:53:46 localhost kernel: pci 0000:17:0e.3: [8086:208e] type 00 class 0x088000
Jun 30 16:53:46 localhost kernel: pci 0000:17:0e.4: [8086:208e] type 00 class 0x088000
Jun 30 16:53:46 localhost kernel: pci 0000:17:0e.5: [8086:208e] type 00 class 0x088000
Jun 30 16:53:46 localhost kernel: pci 0000:17:0e.6: [8086:208e] type 00 class 0x088000
Jun 30 16:53:46 localhost kernel: pci 0000:17:0e.7: [8086:208e] type 00 class 0x088000
Jun 30 16:53:46 localhost kernel: pci 0000:17:0f.0: [8086:208e] type 00 class 0x088000
Jun 30 16:53:46 localhost kernel: pci 0000:17:0f.1: [8086:208e] type 00 class 0x088000
Jun 30 16:53:46 localhost kernel: pci 0000:17:0f.2: [8086:208e] type 00 class 0x088000
Jun 30 16:53:46 localhost kernel: pci 0000:17:0f.3: [8086:208e] type 00 class 0x088000
Jun 30 16:53:46 localhost kernel: pci 0000:17:0f.4: [8086:208e] type 00 class 0x088000
Jun 30 16:53:46 localhost kernel: pci 0000:17:0f.5: [8086:208e] type 00 class 0x088000
Jun 30 16:53:46 localhost kernel: pci 0000:17:0f.6: [8086:208e] type 00 class 0x088000
Jun 30 16:53:46 localhost kernel: pci 0000:17:0f.7: [8086:208e] type 00 class 0x088000
Jun 30 16:53:46 localhost kernel: pci 0000:17:10.0: [8086:208e] type 00 class 0x088000
Jun 30 16:53:46 localhost kernel: pci 0000:17:10.1: [8086:208e] type 00 class 0x088000
Jun 30 16:53:46 localhost kernel: pci 0000:17:10.2: [8086:208e] type 00 class 0x088000
Jun 30 16:53:46 localhost kernel: pci 0000:17:10.3: [8086:208e] type 00 class 0x088000
Jun 30 16:53:46 localhost kernel: pci 0000:17:10.4: [8086:208e] type 00 class 0x088000
Jun 30 16:53:46 localhost kernel: pci 0000:17:10.5: [8086:208e] type 00 class 0x088000
Jun 30 16:53:46 localhost kernel: pci 0000:17:10.6: [8086:208e] type 00 class 0x088000
Jun 30 16:53:46 localhost kernel: pci 0000:17:10.7: [8086:208e] type 00 class 0x088000
Jun 30 16:53:46 localhost kernel: pci 0000:17:11.0: [8086:208e] type 00 class 0x088000
Jun 30 16:53:46 localhost kernel: pci 0000:17:11.1: [8086:208e] type 00 class 0x088000
Jun 30 16:53:46 localhost kernel: pci 0000:17:11.2: [8086:208e] type 00 class 0x088000
Jun 30 16:53:46 localhost kernel: pci 0000:17:11.3: [8086:208e] type 00 class 0x088000
Jun 30 16:53:46 localhost kernel: pci 0000:17:1d.0: [8086:2054] type 00 class 0x088000
Jun 30 16:53:46 localhost kernel: pci 0000:17:1d.1: [8086:2055] type 00 class 0x088000
Jun 30 16:53:46 localhost kernel: pci 0000:17:1d.2: [8086:2056] type 00 class 0x088000
Jun 30 16:53:46 localhost kernel: pci 0000:17:1d.3: [8086:2057] type 00 class 0x088000
Jun 30 16:53:46 localhost kernel: pci 0000:17:1e.0: [8086:2080] type 00 class 0x088000
Jun 30 16:53:46 localhost kernel: pci 0000:17:1e.1: [8086:2081] type 00 class 0x088000
Jun 30 16:53:46 localhost kernel: pci 0000:17:1e.2: [8086:2082] type 00 class 0x088000
Jun 30 16:53:46 localhost kernel: pci 0000:17:1e.3: [8086:2083] type 00 class 0x088000
Jun 30 16:53:46 localhost kernel: pci 0000:17:1e.4: [8086:2084] type 00 class 0x088000
Jun 30 16:53:46 localhost kernel: pci 0000:17:1e.5: [8086:2085] type 00 class 0x088000
Jun 30 16:53:46 localhost kernel: pci 0000:17:1e.6: [8086:2086] type 00 class 0x088000
Jun 30 16:53:46 localhost kernel: pci 0000:18:00.0: [14e4:16d6] type 00 class 0x020000
Jun 30 16:53:46 localhost kernel: pci 0000:18:00.0: reg 0x10: [mem 0x9da10000-0x9da1ffff 64bit pref]
Jun 30 16:53:46 localhost kernel: pci 0000:18:00.0: reg 0x18: [mem 0x9d900000-0x9d9fffff 64bit pref]
Jun 30 16:53:46 localhost kernel: pci 0000:18:00.0: reg 0x20: [mem 0x9da22000-0x9da23fff 64bit pref]
Jun 30 16:53:46 localhost kernel: pci 0000:18:00.0: reg 0x30: [mem 0xfffc0000-0xffffffff pref]
Jun 30 16:53:46 localhost kernel: pci 0000:18:00.0: PME# supported from D0 D3hot D3cold
Jun 30 16:53:46 localhost kernel: pci 0000:18:00.1: [14e4:16d6] type 00 class 0x020000
Jun 30 16:53:46 localhost kernel: pci 0000:18:00.1: reg 0x10: [mem 0x9da00000-0x9da0ffff 64bit pref]
Jun 30 16:53:46 localhost kernel: pci 0000:18:00.1: reg 0x18: [mem 0x9d800000-0x9d8fffff 64bit pref]
Jun 30 16:53:46 localhost kernel: pci 0000:18:00.1: reg 0x20: [mem 0x9da20000-0x9da21fff 64bit pref]
Jun 30 16:53:46 localhost kernel: pci 0000:18:00.1: reg 0x30: [mem 0xfffc0000-0xffffffff pref]
Jun 30 16:53:46 localhost kernel: pci 0000:18:00.1: PME# supported from D0 D3hot D3cold
Jun 30 16:53:46 localhost kernel: pci 0000:17:02.0: PCI bridge to [bus 18]
Jun 30 16:53:46 localhost kernel: pci 0000:17:02.0:   bridge window [mem 0x9d800000-0x9dafffff 64bit pref]
Jun 30 16:53:46 localhost kernel: ACPI: PCI Root Bridge [PC02] (domain 0000 [bus 3a-5c])
Jun 30 16:53:46 localhost kernel: acpi PNP0A08:02: _OSC: OS supports [ExtendedConfig ASPM ClockPM Segments MSI EDR HPX-Type3]
Jun 30 16:53:46 localhost kernel: acpi PNP0A08:02: _OSC: platform does not support [SHPCHotplug AER LTR DPC]
Jun 30 16:53:46 localhost kernel: acpi PNP0A08:02: _OSC: OS now controls [PCIeHotplug PME PCIeCapability]
Jun 30 16:53:46 localhost kernel: acpi PNP0A08:02: FADT indicates ASPM is unsupported, using BIOS configuration
Jun 30 16:53:46 localhost kernel: PCI host bridge to bus 0000:3a
Jun 30 16:53:46 localhost kernel: pci_bus 0000:3a: root bus resource [io  0x6000-0x7fff window]
Jun 30 16:53:46 localhost kernel: pci_bus 0000:3a: root bus resource [mem 0xab000000-0xb87fffff window]
Jun 30 16:53:46 localhost kernel: pci_bus 0000:3a: root bus resource [mem 0x388000000000-0x38bfffffffff window]
Jun 30 16:53:46 localhost kernel: pci_bus 0000:3a: root bus resource [bus 3a-5c]
Jun 30 16:53:46 localhost kernel: pci 0000:3a:05.0: [8086:2034] type 00 class 0x088000
Jun 30 16:53:46 localhost kernel: pci 0000:3a:05.2: [8086:2035] type 00 class 0x088000
Jun 30 16:53:46 localhost kernel: pci 0000:3a:05.4: [8086:2036] type 00 class 0x080020
Jun 30 16:53:46 localhost kernel: pci 0000:3a:05.4: reg 0x10: [mem 0xab000000-0xab000fff]
Jun 30 16:53:46 localhost kernel: pci 0000:3a:08.0: [8086:2066] type 00 class 0x088000
Jun 30 16:53:46 localhost kernel: pci 0000:3a:09.0: [8086:2066] type 00 class 0x088000
Jun 30 16:53:46 localhost kernel: pci 0000:3a:0a.0: [8086:2040] type 00 class 0x088000
Jun 30 16:53:46 localhost kernel: pci 0000:3a:0a.1: [8086:2041] type 00 class 0x088000
Jun 30 16:53:46 localhost kernel: pci 0000:3a:0a.2: [8086:2042] type 00 class 0x088000
Jun 30 16:53:46 localhost kernel: pci 0000:3a:0a.3: [8086:2043] type 00 class 0x088000
Jun 30 16:53:46 localhost kernel: pci 0000:3a:0a.4: [8086:2044] type 00 class 0x088000
Jun 30 16:53:46 localhost kernel: pci 0000:3a:0a.5: [8086:2045] type 00 class 0x088000
Jun 30 16:53:46 localhost kernel: pci 0000:3a:0a.6: [8086:2046] type 00 class 0x088000
Jun 30 16:53:46 localhost kernel: pci 0000:3a:0a.7: [8086:2047] type 00 class 0x088000
Jun 30 16:53:46 localhost kernel: pci 0000:3a:0b.0: [8086:2048] type 00 class 0x088000
Jun 30 16:53:46 localhost kernel: pci 0000:3a:0b.1: [8086:2049] type 00 class 0x088000
Jun 30 16:53:46 localhost kernel: pci 0000:3a:0b.2: [8086:204a] type 00 class 0x088000
Jun 30 16:53:46 localhost kernel: pci 0000:3a:0b.3: [8086:204b] type 00 class 0x088000
Jun 30 16:53:46 localhost kernel: pci 0000:3a:0c.0: [8086:2040] type 00 class 0x088000
Jun 30 16:53:46 localhost kernel: pci 0000:3a:0c.1: [8086:2041] type 00 class 0x088000
Jun 30 16:53:46 localhost kernel: pci 0000:3a:0c.2: [8086:2042] type 00 class 0x088000
Jun 30 16:53:46 localhost kernel: pci 0000:3a:0c.3: [8086:2043] type 00 class 0x088000
Jun 30 16:53:46 localhost kernel: pci 0000:3a:0c.4: [8086:2044] type 00 class 0x088000
Jun 30 16:53:46 localhost kernel: pci 0000:3a:0c.5: [8086:2045] type 00 class 0x088000
Jun 30 16:53:46 localhost kernel: pci 0000:3a:0c.6: [8086:2046] type 00 class 0x088000
Jun 30 16:53:46 localhost kernel: pci 0000:3a:0c.7: [8086:2047] type 00 class 0x088000
Jun 30 16:53:46 localhost kernel: pci 0000:3a:0d.0: [8086:2048] type 00 class 0x088000
Jun 30 16:53:46 localhost kernel: pci 0000:3a:0d.1: [8086:2049] type 00 class 0x088000
Jun 30 16:53:46 localhost kernel: pci 0000:3a:0d.2: [8086:204a] type 00 class 0x088000
Jun 30 16:53:46 localhost kernel: pci 0000:3a:0d.3: [8086:204b] type 00 class 0x088000
Jun 30 16:53:46 localhost kernel: ACPI: PCI Root Bridge [PC03] (domain 0000 [bus 5d-7f])
Jun 30 16:53:46 localhost kernel: acpi PNP0A08:03: _OSC: OS supports [ExtendedConfig ASPM ClockPM Segments MSI EDR HPX-Type3]
Jun 30 16:53:46 localhost kernel: acpi PNP0A08:03: _OSC: platform does not support [SHPCHotplug AER LTR DPC]
Jun 30 16:53:46 localhost kernel: acpi PNP0A08:03: _OSC: OS now controls [PCIeHotplug PME PCIeCapability]
Jun 30 16:53:46 localhost kernel: acpi PNP0A08:03: FADT indicates ASPM is unsupported, using BIOS configuration
Jun 30 16:53:46 localhost kernel: PCI host bridge to bus 0000:5d
Jun 30 16:53:46 localhost kernel: pci_bus 0000:5d: root bus resource [io  0x8000-0x9fff window]
Jun 30 16:53:46 localhost kernel: pci_bus 0000:5d: root bus resource [mem 0xb8800000-0xc5ffffff window]
Jun 30 16:53:46 localhost kernel: pci_bus 0000:5d: root bus resource [mem 0x38c000000000-0x38ffffffffff window]
Jun 30 16:53:46 localhost kernel: pci_bus 0000:5d: root bus resource [bus 5d-7f]
Jun 30 16:53:46 localhost kernel: pci 0000:5d:05.0: [8086:2034] type 00 class 0x088000
Jun 30 16:53:46 localhost kernel: pci 0000:5d:05.2: [8086:2035] type 00 class 0x088000
Jun 30 16:53:46 localhost kernel: pci 0000:5d:05.4: [8086:2036] type 00 class 0x080020
Jun 30 16:53:46 localhost kernel: pci 0000:5d:05.4: reg 0x10: [mem 0xb8800000-0xb8800fff]
Jun 30 16:53:46 localhost kernel: pci 0000:5d:0e.0: [8086:2058] type 00 class 0x110100
Jun 30 16:53:46 localhost kernel: pci 0000:5d:0e.1: [8086:2059] type 00 class 0x088000
Jun 30 16:53:46 localhost kernel: pci 0000:5d:0f.0: [8086:2058] type 00 class 0x110100
Jun 30 16:53:46 localhost kernel: pci 0000:5d:0f.1: [8086:2059] type 00 class 0x088000
Jun 30 16:53:46 localhost kernel: pci 0000:5d:10.0: [8086:2058] type 00 class 0x110100
Jun 30 16:53:46 localhost kernel: pci 0000:5d:10.1: [8086:2059] type 00 class 0x088000
Jun 30 16:53:46 localhost kernel: pci 0000:5d:12.0: [8086:204c] type 00 class 0x110100
Jun 30 16:53:46 localhost kernel: pci 0000:5d:12.1: [8086:204d] type 00 class 0x110100
Jun 30 16:53:46 localhost kernel: pci 0000:5d:12.2: [8086:204e] type 00 class 0x088000
Jun 30 16:53:46 localhost kernel: pci 0000:5d:12.4: [8086:204c] type 00 class 0x110100
Jun 30 16:53:46 localhost kernel: pci 0000:5d:12.5: [8086:204d] type 00 class 0x110100
Jun 30 16:53:46 localhost kernel: pci 0000:5d:15.0: [8086:2018] type 00 class 0x088000
Jun 30 16:53:46 localhost kernel: pci 0000:5d:15.1: [8086:2088] type 00 class 0x110100
Jun 30 16:53:46 localhost kernel: pci 0000:5d:16.0: [8086:2018] type 00 class 0x088000
Jun 30 16:53:46 localhost kernel: pci 0000:5d:16.1: [8086:2088] type 00 class 0x110100
Jun 30 16:53:46 localhost kernel: pci 0000:5d:16.4: [8086:2018] type 00 class 0x088000
Jun 30 16:53:46 localhost kernel: pci 0000:5d:16.5: [8086:2088] type 00 class 0x110100
Jun 30 16:53:46 localhost kernel: pci 0000:5d:17.0: [8086:2018] type 00 class 0x088000
Jun 30 16:53:46 localhost kernel: pci 0000:5d:17.1: [8086:2088] type 00 class 0x110100
Jun 30 16:53:46 localhost kernel: ACPI: PCI Root Bridge [PC06] (domain 0000 [bus 80-84])
Jun 30 16:53:46 localhost kernel: acpi PNP0A08:06: _OSC: OS supports [ExtendedConfig ASPM ClockPM Segments MSI EDR HPX-Type3]
Jun 30 16:53:46 localhost kernel: acpi PNP0A08:06: _OSC: platform does not support [SHPCHotplug AER LTR DPC]
Jun 30 16:53:46 localhost kernel: acpi PNP0A08:06: _OSC: OS now controls [PCIeHotplug PME PCIeCapability]
Jun 30 16:53:46 localhost kernel: acpi PNP0A08:06: FADT indicates ASPM is unsupported, using BIOS configuration
Jun 30 16:53:46 localhost kernel: acpi PNP0A08:06: host bridge window [io  0x0000 window] (ignored, not CPU addressable)
Jun 30 16:53:46 localhost kernel: PCI host bridge to bus 0000:80
Jun 30 16:53:46 localhost kernel: pci_bus 0000:80: root bus resource [mem 0xc6000000-0xd37fffff window]
Jun 30 16:53:46 localhost kernel: pci_bus 0000:80: root bus resource [mem 0x390000000000-0x393fffffffff window]
Jun 30 16:53:46 localhost kernel: pci_bus 0000:80: root bus resource [bus 80-84]
Jun 30 16:53:46 localhost kernel: pci 0000:80:05.0: [8086:2024] type 00 class 0x088000
Jun 30 16:53:46 localhost kernel: pci 0000:80:05.2: [8086:2025] type 00 class 0x088000
Jun 30 16:53:46 localhost kernel: pci 0000:80:05.4: [8086:2026] type 00 class 0x080020
Jun 30 16:53:46 localhost kernel: pci 0000:80:05.4: reg 0x10: [mem 0xc6000000-0xc6000fff]
Jun 30 16:53:46 localhost kernel: pci 0000:80:08.0: [8086:2014] type 00 class 0x088000
Jun 30 16:53:46 localhost kernel: pci 0000:80:08.1: [8086:2015] type 00 class 0x110100
Jun 30 16:53:46 localhost kernel: pci 0000:80:08.2: [8086:2016] type 00 class 0x088000
Jun 30 16:53:46 localhost kernel: ACPI: PCI Root Bridge [PC07] (domain 0000 [bus 85-ad])
Jun 30 16:53:46 localhost kernel: acpi PNP0A08:07: _OSC: OS supports [ExtendedConfig ASPM ClockPM Segments MSI EDR HPX-Type3]
Jun 30 16:53:46 localhost kernel: acpi PNP0A08:07: _OSC: platform does not support [SHPCHotplug AER LTR DPC]
Jun 30 16:53:46 localhost kernel: acpi PNP0A08:07: _OSC: OS now controls [PCIeHotplug PME PCIeCapability]
Jun 30 16:53:46 localhost kernel: acpi PNP0A08:07: FADT indicates ASPM is unsupported, using BIOS configuration
Jun 30 16:53:46 localhost kernel: PCI host bridge to bus 0000:85
Jun 30 16:53:46 localhost kernel: pci_bus 0000:85: root bus resource [io  0xa000-0xbfff window]
Jun 30 16:53:46 localhost kernel: pci_bus 0000:85: root bus resource [mem 0xd3800000-0xe0ffffff window]
Jun 30 16:53:46 localhost kernel: pci_bus 0000:85: root bus resource [mem 0x394000000000-0x397fffffffff window]
Jun 30 16:53:46 localhost kernel: pci_bus 0000:85: root bus resource [bus 85-ad]
Jun 30 16:53:46 localhost kernel: pci 0000:85:05.0: [8086:2034] type 00 class 0x088000
Jun 30 16:53:46 localhost kernel: pci 0000:85:05.2: [8086:2035] type 00 class 0x088000
Jun 30 16:53:46 localhost kernel: pci 0000:85:05.4: [8086:2036] type 00 class 0x080020
Jun 30 16:53:46 localhost kernel: pci 0000:85:05.4: reg 0x10: [mem 0xd3800000-0xd3800fff]
Jun 30 16:53:46 localhost kernel: pci 0000:85:08.0: [8086:208d] type 00 class 0x088000
Jun 30 16:53:46 localhost kernel: pci 0000:85:08.1: [8086:208d] type 00 class 0x088000
Jun 30 16:53:46 localhost kernel: pci 0000:85:08.2: [8086:208d] type 00 class 0x088000
Jun 30 16:53:46 localhost kernel: pci 0000:85:08.3: [8086:208d] type 00 class 0x088000
Jun 30 16:53:46 localhost kernel: pci 0000:85:08.4: [8086:208d] type 00 class 0x088000
Jun 30 16:53:46 localhost kernel: pci 0000:85:08.5: [8086:208d] type 00 class 0x088000
Jun 30 16:53:46 localhost kernel: pci 0000:85:08.6: [8086:208d] type 00 class 0x088000
Jun 30 16:53:46 localhost kernel: pci 0000:85:08.7: [8086:208d] type 00 class 0x088000
Jun 30 16:53:46 localhost kernel: pci 0000:85:09.0: [8086:208d] type 00 class 0x088000
Jun 30 16:53:46 localhost kernel: pci 0000:85:09.1: [8086:208d] type 00 class 0x088000
Jun 30 16:53:46 localhost kernel: pci 0000:85:09.2: [8086:208d] type 00 class 0x088000
Jun 30 16:53:46 localhost kernel: pci 0000:85:09.3: [8086:208d] type 00 class 0x088000
Jun 30 16:53:46 localhost kernel: pci 0000:85:09.4: [8086:208d] type 00 class 0x088000
Jun 30 16:53:46 localhost kernel: pci 0000:85:09.5: [8086:208d] type 00 class 0x088000
Jun 30 16:53:46 localhost kernel: pci 0000:85:09.6: [8086:208d] type 00 class 0x088000
Jun 30 16:53:46 localhost kernel: pci 0000:85:09.7: [8086:208d] type 00 class 0x088000
Jun 30 16:53:46 localhost kernel: pci 0000:85:0a.0: [8086:208d] type 00 class 0x088000
Jun 30 16:53:46 localhost kernel: pci 0000:85:0a.1: [8086:208d] type 00 class 0x088000
Jun 30 16:53:46 localhost kernel: pci 0000:85:0a.2: [8086:208d] type 00 class 0x088000
Jun 30 16:53:46 localhost kernel: pci 0000:85:0a.3: [8086:208d] type 00 class 0x088000
Jun 30 16:53:46 localhost kernel: pci 0000:85:0a.4: [8086:208d] type 00 class 0x088000
Jun 30 16:53:46 localhost kernel: pci 0000:85:0a.5: [8086:208d] type 00 class 0x088000
Jun 30 16:53:46 localhost kernel: pci 0000:85:0a.6: [8086:208d] type 00 class 0x088000
Jun 30 16:53:46 localhost kernel: pci 0000:85:0a.7: [8086:208d] type 00 class 0x088000
Jun 30 16:53:46 localhost kernel: pci 0000:85:0b.0: [8086:208d] type 00 class 0x088000
Jun 30 16:53:46 localhost kernel: pci 0000:85:0b.1: [8086:208d] type 00 class 0x088000
Jun 30 16:53:46 localhost kernel: pci 0000:85:0b.2: [8086:208d] type 00 class 0x088000
Jun 30 16:53:46 localhost kernel: pci 0000:85:0b.3: [8086:208d] type 00 class 0x088000
Jun 30 16:53:46 localhost kernel: pci 0000:85:0e.0: [8086:208e] type 00 class 0x088000
Jun 30 16:53:46 localhost kernel: pci 0000:85:0e.1: [8086:208e] type 00 class 0x088000
Jun 30 16:53:46 localhost kernel: pci 0000:85:0e.2: [8086:208e] type 00 class 0x088000
Jun 30 16:53:46 localhost kernel: pci 0000:85:0e.3: [8086:208e] type 00 class 0x088000
Jun 30 16:53:46 localhost kernel: pci 0000:85:0e.4: [8086:208e] type 00 class 0x088000
Jun 30 16:53:46 localhost kernel: pci 0000:85:0e.5: [8086:208e] type 00 class 0x088000
Jun 30 16:53:46 localhost kernel: pci 0000:85:0e.6: [8086:208e] type 00 class 0x088000
Jun 30 16:53:46 localhost kernel: pci 0000:85:0e.7: [8086:208e] type 00 class 0x088000
Jun 30 16:53:46 localhost kernel: pci 0000:85:0f.0: [8086:208e] type 00 class 0x088000
Jun 30 16:53:46 localhost kernel: pci 0000:85:0f.1: [8086:208e] type 00 class 0x088000
Jun 30 16:53:46 localhost kernel: pci 0000:85:0f.2: [8086:208e] type 00 class 0x088000
Jun 30 16:53:46 localhost kernel: pci 0000:85:0f.3: [8086:208e] type 00 class 0x088000
Jun 30 16:53:46 localhost kernel: pci 0000:85:0f.4: [8086:208e] type 00 class 0x088000
Jun 30 16:53:46 localhost kernel: pci 0000:85:0f.5: [8086:208e] type 00 class 0x088000
Jun 30 16:53:46 localhost kernel: pci 0000:85:0f.6: [8086:208e] type 00 class 0x088000
Jun 30 16:53:46 localhost kernel: pci 0000:85:0f.7: [8086:208e] type 00 class 0x088000
Jun 30 16:53:46 localhost kernel: pci 0000:85:10.0: [8086:208e] type 00 class 0x088000
Jun 30 16:53:46 localhost kernel: pci 0000:85:10.1: [8086:208e] type 00 class 0x088000
Jun 30 16:53:46 localhost kernel: pci 0000:85:10.2: [8086:208e] type 00 class 0x088000
Jun 30 16:53:46 localhost kernel: pci 0000:85:10.3: [8086:208e] type 00 class 0x088000
Jun 30 16:53:46 localhost kernel: pci 0000:85:10.4: [8086:208e] type 00 class 0x088000
Jun 30 16:53:46 localhost kernel: pci 0000:85:10.5: [8086:208e] type 00 class 0x088000
Jun 30 16:53:46 localhost kernel: pci 0000:85:10.6: [8086:208e] type 00 class 0x088000
Jun 30 16:53:46 localhost kernel: pci 0000:85:10.7: [8086:208e] type 00 class 0x088000
Jun 30 16:53:46 localhost kernel: pci 0000:85:11.0: [8086:208e] type 00 class 0x088000
Jun 30 16:53:46 localhost kernel: pci 0000:85:11.1: [8086:208e] type 00 class 0x088000
Jun 30 16:53:46 localhost kernel: pci 0000:85:11.2: [8086:208e] type 00 class 0x088000
Jun 30 16:53:46 localhost kernel: pci 0000:85:11.3: [8086:208e] type 00 class 0x088000
Jun 30 16:53:46 localhost kernel: pci 0000:85:1d.0: [8086:2054] type 00 class 0x088000
Jun 30 16:53:46 localhost kernel: pci 0000:85:1d.1: [8086:2055] type 00 class 0x088000
Jun 30 16:53:46 localhost kernel: pci 0000:85:1d.2: [8086:2056] type 00 class 0x088000
Jun 30 16:53:46 localhost kernel: pci 0000:85:1d.3: [8086:2057] type 00 class 0x088000
Jun 30 16:53:46 localhost kernel: pci 0000:85:1e.0: [8086:2080] type 00 class 0x088000
Jun 30 16:53:46 localhost kernel: pci 0000:85:1e.1: [8086:2081] type 00 class 0x088000
Jun 30 16:53:46 localhost kernel: pci 0000:85:1e.2: [8086:2082] type 00 class 0x088000
Jun 30 16:53:46 localhost kernel: pci 0000:85:1e.3: [8086:2083] type 00 class 0x088000
Jun 30 16:53:46 localhost kernel: pci 0000:85:1e.4: [8086:2084] type 00 class 0x088000
Jun 30 16:53:46 localhost kernel: pci 0000:85:1e.5: [8086:2085] type 00 class 0x088000
Jun 30 16:53:46 localhost kernel: pci 0000:85:1e.6: [8086:2086] type 00 class 0x088000
Jun 30 16:53:46 localhost kernel: ACPI: PCI Root Bridge [PC08] (domain 0000 [bus ae-d6])
Jun 30 16:53:46 localhost kernel: acpi PNP0A08:08: _OSC: OS supports [ExtendedConfig ASPM ClockPM Segments MSI EDR HPX-Type3]
Jun 30 16:53:46 localhost kernel: acpi PNP0A08:08: _OSC: platform does not support [SHPCHotplug AER LTR DPC]
Jun 30 16:53:46 localhost kernel: acpi PNP0A08:08: _OSC: OS now controls [PCIeHotplug PME PCIeCapability]
Jun 30 16:53:46 localhost kernel: acpi PNP0A08:08: FADT indicates ASPM is unsupported, using BIOS configuration
Jun 30 16:53:46 localhost kernel: PCI host bridge to bus 0000:ae
Jun 30 16:53:46 localhost kernel: pci_bus 0000:ae: root bus resource [io  0xc000-0xdfff window]
Jun 30 16:53:46 localhost kernel: pci_bus 0000:ae: root bus resource [mem 0xe1000000-0xee7fffff window]
Jun 30 16:53:46 localhost kernel: pci_bus 0000:ae: root bus resource [mem 0x398000000000-0x39bfffffffff window]
Jun 30 16:53:46 localhost kernel: pci_bus 0000:ae: root bus resource [bus ae-d6]
Jun 30 16:53:46 localhost kernel: pci 0000:ae:00.0: [8086:2030] type 01 class 0x060400
Jun 30 16:53:46 localhost kernel: pci 0000:ae:00.0: PME# supported from D0 D3hot D3cold
Jun 30 16:53:46 localhost kernel: pci 0000:ae:05.0: [8086:2034] type 00 class 0x088000
Jun 30 16:53:46 localhost kernel: pci 0000:ae:05.2: [8086:2035] type 00 class 0x088000
Jun 30 16:53:46 localhost kernel: pci 0000:ae:05.4: [8086:2036] type 00 class 0x080020
Jun 30 16:53:46 localhost kernel: pci 0000:ae:05.4: reg 0x10: [mem 0xe1300000-0xe1300fff]
Jun 30 16:53:46 localhost kernel: pci 0000:ae:08.0: [8086:2066] type 00 class 0x088000
Jun 30 16:53:46 localhost kernel: pci 0000:ae:09.0: [8086:2066] type 00 class 0x088000
Jun 30 16:53:46 localhost kernel: pci 0000:ae:0a.0: [8086:2040] type 00 class 0x088000
Jun 30 16:53:46 localhost kernel: pci 0000:ae:0a.1: [8086:2041] type 00 class 0x088000
Jun 30 16:53:46 localhost kernel: pci 0000:ae:0a.2: [8086:2042] type 00 class 0x088000
Jun 30 16:53:46 localhost kernel: pci 0000:ae:0a.3: [8086:2043] type 00 class 0x088000
Jun 30 16:53:46 localhost kernel: pci 0000:ae:0a.4: [8086:2044] type 00 class 0x088000
Jun 30 16:53:46 localhost kernel: pci 0000:ae:0a.5: [8086:2045] type 00 class 0x088000
Jun 30 16:53:46 localhost kernel: pci 0000:ae:0a.6: [8086:2046] type 00 class 0x088000
Jun 30 16:53:46 localhost kernel: pci 0000:ae:0a.7: [8086:2047] type 00 class 0x088000
Jun 30 16:53:46 localhost kernel: pci 0000:ae:0b.0: [8086:2048] type 00 class 0x088000
Jun 30 16:53:46 localhost kernel: pci 0000:ae:0b.1: [8086:2049] type 00 class 0x088000
Jun 30 16:53:46 localhost kernel: pci 0000:ae:0b.2: [8086:204a] type 00 class 0x088000
Jun 30 16:53:46 localhost kernel: pci 0000:ae:0b.3: [8086:204b] type 00 class 0x088000
Jun 30 16:53:46 localhost kernel: pci 0000:ae:0c.0: [8086:2040] type 00 class 0x088000
Jun 30 16:53:46 localhost kernel: pci 0000:ae:0c.1: [8086:2041] type 00 class 0x088000
Jun 30 16:53:46 localhost kernel: pci 0000:ae:0c.2: [8086:2042] type 00 class 0x088000
Jun 30 16:53:46 localhost kernel: pci 0000:ae:0c.3: [8086:2043] type 00 class 0x088000
Jun 30 16:53:46 localhost kernel: pci 0000:ae:0c.4: [8086:2044] type 00 class 0x088000
Jun 30 16:53:46 localhost kernel: pci 0000:ae:0c.5: [8086:2045] type 00 class 0x088000
Jun 30 16:53:46 localhost kernel: pci 0000:ae:0c.6: [8086:2046] type 00 class 0x088000
Jun 30 16:53:46 localhost kernel: pci 0000:ae:0c.7: [8086:2047] type 00 class 0x088000
Jun 30 16:53:46 localhost kernel: pci 0000:ae:0d.0: [8086:2048] type 00 class 0x088000
Jun 30 16:53:46 localhost kernel: pci 0000:ae:0d.1: [8086:2049] type 00 class 0x088000
Jun 30 16:53:46 localhost kernel: pci 0000:ae:0d.2: [8086:204a] type 00 class 0x088000
Jun 30 16:53:46 localhost kernel: pci 0000:ae:0d.3: [8086:204b] type 00 class 0x088000
Jun 30 16:53:46 localhost kernel: pci 0000:af:00.0: [1000:10e2] type 00 class 0x010400
Jun 30 16:53:46 localhost kernel: pci 0000:af:00.0: reg 0x10: [mem 0xe1000000-0xe10fffff 64bit pref]
Jun 30 16:53:46 localhost kernel: pci 0000:af:00.0: reg 0x18: [mem 0xe1100000-0xe11fffff 64bit pref]
Jun 30 16:53:46 localhost kernel: pci 0000:af:00.0: reg 0x20: [mem 0xe1200000-0xe12fffff]
Jun 30 16:53:46 localhost kernel: pci 0000:af:00.0: reg 0x24: [io  0xc000-0xc0ff]
Jun 30 16:53:46 localhost kernel: pci 0000:af:00.0: reg 0x30: [mem 0xfff00000-0xffffffff pref]
Jun 30 16:53:46 localhost kernel: pci 0000:af:00.0: supports D1 D2
Jun 30 16:53:46 localhost kernel: pci 0000:af:00.0: 63.008 Gb/s available PCIe bandwidth, limited by 8.0 GT/s PCIe x8 link at 0000:ae:00.0 (capable of 126.024 Gb/s with 16.0 GT/s PCIe x8 link)
Jun 30 16:53:46 localhost kernel: pci 0000:ae:00.0: PCI bridge to [bus af]
Jun 30 16:53:46 localhost kernel: pci 0000:ae:00.0:   bridge window [io  0xc000-0xcfff]
Jun 30 16:53:46 localhost kernel: pci 0000:ae:00.0:   bridge window [mem 0xe1200000-0xe12fffff]
Jun 30 16:53:46 localhost kernel: pci 0000:ae:00.0:   bridge window [mem 0xe1000000-0xe11fffff 64bit pref]
Jun 30 16:53:46 localhost kernel: ACPI: PCI Root Bridge [PC09] (domain 0000 [bus d7-ff])
Jun 30 16:53:46 localhost kernel: acpi PNP0A08:09: _OSC: OS supports [ExtendedConfig ASPM ClockPM Segments MSI EDR HPX-Type3]
Jun 30 16:53:46 localhost kernel: acpi PNP0A08:09: _OSC: platform does not support [SHPCHotplug AER LTR DPC]
Jun 30 16:53:46 localhost kernel: acpi PNP0A08:09: _OSC: OS now controls [PCIeHotplug PME PCIeCapability]
Jun 30 16:53:46 localhost kernel: acpi PNP0A08:09: FADT indicates ASPM is unsupported, using BIOS configuration
Jun 30 16:53:46 localhost kernel: PCI host bridge to bus 0000:d7
Jun 30 16:53:46 localhost kernel: pci_bus 0000:d7: root bus resource [io  0xe000-0xffff window]
Jun 30 16:53:46 localhost kernel: pci_bus 0000:d7: root bus resource [mem 0xee800000-0xfbffffff window]
Jun 30 16:53:46 localhost kernel: pci_bus 0000:d7: root bus resource [mem 0x39c000000000-0x39ffffffffff window]
Jun 30 16:53:46 localhost kernel: pci_bus 0000:d7: root bus resource [bus d7-ff]
Jun 30 16:53:46 localhost kernel: pci 0000:d7:05.0: [8086:2034] type 00 class 0x088000
Jun 30 16:53:46 localhost kernel: pci 0000:d7:05.2: [8086:2035] type 00 class 0x088000
Jun 30 16:53:46 localhost kernel: pci 0000:d7:05.4: [8086:2036] type 00 class 0x080020
Jun 30 16:53:46 localhost kernel: pci 0000:d7:05.4: reg 0x10: [mem 0xee800000-0xee800fff]
Jun 30 16:53:46 localhost kernel: pci 0000:d7:0e.0: [8086:2058] type 00 class 0x110100
Jun 30 16:53:46 localhost kernel: pci 0000:d7:0e.1: [8086:2059] type 00 class 0x088000
Jun 30 16:53:46 localhost kernel: pci 0000:d7:0f.0: [8086:2058] type 00 class 0x110100
Jun 30 16:53:46 localhost kernel: pci 0000:d7:0f.1: [8086:2059] type 00 class 0x088000
Jun 30 16:53:46 localhost kernel: pci 0000:d7:10.0: [8086:2058] type 00 class 0x110100
Jun 30 16:53:46 localhost kernel: pci 0000:d7:10.1: [8086:2059] type 00 class 0x088000
Jun 30 16:53:46 localhost kernel: pci 0000:d7:12.0: [8086:204c] type 00 class 0x110100
Jun 30 16:53:46 localhost kernel: pci 0000:d7:12.1: [8086:204d] type 00 class 0x110100
Jun 30 16:53:47 localhost kernel: pci 0000:d7:12.2: [8086:204e] type 00 class 0x088000
Jun 30 16:53:47 localhost kernel: pci 0000:d7:12.4: [8086:204c] type 00 class 0x110100
Jun 30 16:53:47 localhost kernel: pci 0000:d7:12.5: [8086:204d] type 00 class 0x110100
Jun 30 16:53:47 localhost kernel: pci 0000:d7:15.0: [8086:2018] type 00 class 0x088000
Jun 30 16:53:47 localhost kernel: pci 0000:d7:15.1: [8086:2088] type 00 class 0x110100
Jun 30 16:53:47 localhost kernel: pci 0000:d7:16.0: [8086:2018] type 00 class 0x088000
Jun 30 16:53:47 localhost kernel: pci 0000:d7:16.1: [8086:2088] type 00 class 0x110100
Jun 30 16:53:47 localhost kernel: pci 0000:d7:16.4: [8086:2018] type 00 class 0x088000
Jun 30 16:53:47 localhost kernel: pci 0000:d7:16.5: [8086:2088] type 00 class 0x110100
Jun 30 16:53:47 localhost kernel: pci 0000:d7:17.0: [8086:2018] type 00 class 0x088000
Jun 30 16:53:47 localhost kernel: pci 0000:d7:17.1: [8086:2088] type 00 class 0x110100
Jun 30 16:53:47 localhost kernel: iommu: Default domain type: Passthrough 
Jun 30 16:53:47 localhost kernel: pci 0000:03:00.0: vgaarb: setting as boot VGA device
Jun 30 16:53:47 localhost kernel: pci 0000:03:00.0: vgaarb: VGA device added: decodes=io+mem,owns=io+mem,locks=none
Jun 30 16:53:47 localhost kernel: pci 0000:03:00.0: vgaarb: bridge control possible
Jun 30 16:53:47 localhost kernel: vgaarb: loaded
Jun 30 16:53:47 localhost kernel: SCSI subsystem initialized
Jun 30 16:53:47 localhost kernel: ACPI: bus type USB registered
Jun 30 16:53:47 localhost kernel: usbcore: registered new interface driver usbfs
Jun 30 16:53:47 localhost kernel: usbcore: registered new interface driver hub
Jun 30 16:53:47 localhost kernel: usbcore: registered new device driver usb
Jun 30 16:53:47 localhost kernel: pps_core: LinuxPPS API ver. 1 registered
Jun 30 16:53:47 localhost kernel: pps_core: Software ver. 5.3.6 - Copyright 2005-2007 Rodolfo Giometti <giometti@linux.it>
Jun 30 16:53:47 localhost kernel: PTP clock support registered
Jun 30 16:53:47 localhost kernel: EDAC MC: Ver: 3.0.0
Jun 30 16:53:47 localhost kernel: Registered efivars operations
Jun 30 16:53:47 localhost kernel: PCI: Using ACPI for IRQ routing
Jun 30 16:53:47 localhost kernel: NetLabel: Initializing
Jun 30 16:53:47 localhost kernel: NetLabel:  domain hash size = 128
Jun 30 16:53:47 localhost kernel: NetLabel:  protocols = UNLABELED CIPSOv4 CALIPSO
Jun 30 16:53:47 localhost kernel: NetLabel:  unlabeled traffic allowed by default
Jun 30 16:53:47 localhost kernel: hpet0: at MMIO 0xfed00000, IRQs 2, 8, 0, 0, 0, 0, 0, 0
Jun 30 16:53:47 localhost kernel: hpet0: 8 comparators, 64-bit 24.000000 MHz counter
Jun 30 16:53:47 localhost kernel: clocksource: Switched to clocksource tsc-early
Jun 30 16:53:47 localhost kernel: VFS: Disk quotas dquot_6.6.0
Jun 30 16:53:47 localhost kernel: VFS: Dquot-cache hash table entries: 512 (order 0, 4096 bytes)
Jun 30 16:53:47 localhost kernel: pnp: PnP ACPI init
Jun 30 16:53:47 localhost kernel: system 00:01: [io  0x0500-0x05fe] has been reserved
Jun 30 16:53:47 localhost kernel: system 00:01: [io  0x0400-0x047f] has been reserved
Jun 30 16:53:47 localhost kernel: system 00:01: [io  0x0600-0x061f] has been reserved
Jun 30 16:53:47 localhost kernel: system 00:01: [io  0x0ca0-0x0ca5] has been reserved
Jun 30 16:53:47 localhost kernel: system 00:01: [io  0x0880-0x0883] has been reserved
Jun 30 16:53:47 localhost kernel: system 00:01: [io  0x0800-0x081f] has been reserved
Jun 30 16:53:47 localhost kernel: system 00:01: [mem 0xfed1c000-0xfed3ffff] has been reserved
Jun 30 16:53:47 localhost kernel: system 00:01: [mem 0xfed45000-0xfed8bfff] has been reserved
Jun 30 16:53:47 localhost kernel: system 00:01: [mem 0xff000000-0xffffffff] has been reserved
Jun 30 16:53:47 localhost kernel: system 00:01: [mem 0xfee00000-0xfeefffff] has been reserved
Jun 30 16:53:47 localhost kernel: system 00:01: [mem 0xfed12000-0xfed1200f] has been reserved
Jun 30 16:53:47 localhost kernel: system 00:01: [mem 0xfed12010-0xfed1201f] has been reserved
Jun 30 16:53:47 localhost kernel: system 00:01: [mem 0xfed1b000-0xfed1bfff] has been reserved
Jun 30 16:53:47 localhost kernel: system 00:04: [mem 0xfd000000-0xfdabffff] has been reserved
Jun 30 16:53:47 localhost kernel: system 00:04: [mem 0xfdad0000-0xfdadffff] has been reserved
Jun 30 16:53:47 localhost kernel: system 00:04: [mem 0xfdb00000-0xfdffffff] has been reserved
Jun 30 16:53:47 localhost kernel: system 00:04: [mem 0xfe000000-0xfe00ffff] has been reserved
Jun 30 16:53:47 localhost kernel: system 00:04: [mem 0xfe011000-0xfe01ffff] has been reserved
Jun 30 16:53:47 localhost kernel: system 00:04: [mem 0xfe036000-0xfe03bfff] has been reserved
Jun 30 16:53:47 localhost kernel: system 00:04: [mem 0xfe03d000-0xfe3fffff] has been reserved
Jun 30 16:53:47 localhost kernel: system 00:04: [mem 0xfe410000-0xfe7fffff] has been reserved
Jun 30 16:53:47 localhost kernel: system 00:05: [io  0x1000-0x10fe] has been reserved
Jun 30 16:53:47 localhost kernel: pnp: PnP ACPI: found 6 devices
Jun 30 16:53:47 localhost kernel: clocksource: acpi_pm: mask: 0xffffff max_cycles: 0xffffff, max_idle_ns: 2085701024 ns
Jun 30 16:53:47 localhost kernel: pci 0000:01:00.0: can't claim BAR 6 [mem 0xfffc0000-0xffffffff pref]: no compatible bridge window
Jun 30 16:53:47 localhost kernel: pci 0000:01:00.1: can't claim BAR 6 [mem 0xfffc0000-0xffffffff pref]: no compatible bridge window
Jun 30 16:53:47 localhost kernel: pci 0000:18:00.0: can't claim BAR 6 [mem 0xfffc0000-0xffffffff pref]: no compatible bridge window
Jun 30 16:53:47 localhost kernel: pci 0000:18:00.1: can't claim BAR 6 [mem 0xfffc0000-0xffffffff pref]: no compatible bridge window
Jun 30 16:53:47 localhost kernel: pci 0000:af:00.0: can't claim BAR 6 [mem 0xfff00000-0xffffffff pref]: no compatible bridge window
Jun 30 16:53:47 localhost kernel: pci 0000:00:1c.0: BAR 14: assigned [mem 0x90000000-0x900fffff]
Jun 30 16:53:47 localhost kernel: pci 0000:01:00.0: BAR 6: assigned [mem 0x90000000-0x9003ffff pref]
Jun 30 16:53:47 localhost kernel: pci 0000:01:00.1: BAR 6: assigned [mem 0x90040000-0x9007ffff pref]
Jun 30 16:53:47 localhost kernel: pci 0000:00:1c.0: PCI bridge to [bus 01]
Jun 30 16:53:47 localhost kernel: pci 0000:00:1c.0:   bridge window [mem 0x90000000-0x900fffff]
Jun 30 16:53:47 localhost kernel: pci 0000:00:1c.0:   bridge window [mem 0x92900000-0x929fffff 64bit pref]
Jun 30 16:53:47 localhost kernel: pci 0000:02:00.0: PCI bridge to [bus 03]
Jun 30 16:53:47 localhost kernel: pci 0000:02:00.0:   bridge window [mem 0x92000000-0x928fffff]
Jun 30 16:53:47 localhost kernel: pci 0000:02:00.0:   bridge window [mem 0x91000000-0x91ffffff 64bit pref]
Jun 30 16:53:47 localhost kernel: pci 0000:00:1c.4: PCI bridge to [bus 02-03]
Jun 30 16:53:47 localhost kernel: pci 0000:00:1c.4:   bridge window [mem 0x92000000-0x928fffff]
Jun 30 16:53:47 localhost kernel: pci 0000:00:1c.4:   bridge window [mem 0x91000000-0x91ffffff 64bit pref]
Jun 30 16:53:47 localhost kernel: pci_bus 0000:00: resource 4 [io  0x0000-0x0cf7 window]
Jun 30 16:53:47 localhost kernel: pci_bus 0000:00: resource 5 [io  0x1000-0x3fff window]
Jun 30 16:53:47 localhost kernel: pci_bus 0000:00: resource 6 [mem 0x000a0000-0x000bffff window]
Jun 30 16:53:47 localhost kernel: pci_bus 0000:00: resource 7 [mem 0x000c4000-0x000c7fff window]
Jun 30 16:53:47 localhost kernel: pci_bus 0000:00: resource 8 [mem 0xfe010000-0xfe010fff window]
Jun 30 16:53:47 localhost kernel: pci_bus 0000:00: resource 9 [mem 0x90000000-0x9d7fffff window]
Jun 30 16:53:47 localhost kernel: pci_bus 0000:00: resource 10 [mem 0x380000000000-0x383fffffffff window]
Jun 30 16:53:47 localhost kernel: pci_bus 0000:01: resource 1 [mem 0x90000000-0x900fffff]
Jun 30 16:53:47 localhost kernel: pci_bus 0000:01: resource 2 [mem 0x92900000-0x929fffff 64bit pref]
Jun 30 16:53:47 localhost kernel: pci_bus 0000:02: resource 1 [mem 0x92000000-0x928fffff]
Jun 30 16:53:47 localhost kernel: pci_bus 0000:02: resource 2 [mem 0x91000000-0x91ffffff 64bit pref]
Jun 30 16:53:47 localhost kernel: pci_bus 0000:03: resource 1 [mem 0x92000000-0x928fffff]
Jun 30 16:53:47 localhost kernel: pci_bus 0000:03: resource 2 [mem 0x91000000-0x91ffffff 64bit pref]
Jun 30 16:53:47 localhost kernel: pci 0000:17:02.0: BAR 14: assigned [mem 0x9dc00000-0x9dcfffff]
Jun 30 16:53:47 localhost kernel: pci 0000:18:00.0: BAR 6: assigned [mem 0x9dc00000-0x9dc3ffff pref]
Jun 30 16:53:47 localhost kernel: pci 0000:18:00.1: BAR 6: assigned [mem 0x9dc40000-0x9dc7ffff pref]
Jun 30 16:53:47 localhost kernel: pci 0000:17:02.0: PCI bridge to [bus 18]
Jun 30 16:53:47 localhost kernel: pci 0000:17:02.0:   bridge window [mem 0x9dc00000-0x9dcfffff]
Jun 30 16:53:47 localhost kernel: pci 0000:17:02.0:   bridge window [mem 0x9d800000-0x9dafffff 64bit pref]
Jun 30 16:53:47 localhost kernel: pci_bus 0000:17: resource 4 [io  0x4000-0x5fff window]
Jun 30 16:53:47 localhost kernel: pci_bus 0000:17: resource 5 [mem 0x9d800000-0xaaffffff window]
Jun 30 16:53:47 localhost kernel: pci_bus 0000:17: resource 6 [mem 0x384000000000-0x387fffffffff window]
Jun 30 16:53:47 localhost kernel: pci_bus 0000:18: resource 1 [mem 0x9dc00000-0x9dcfffff]
Jun 30 16:53:47 localhost kernel: pci_bus 0000:18: resource 2 [mem 0x9d800000-0x9dafffff 64bit pref]
Jun 30 16:53:47 localhost kernel: pci_bus 0000:3a: resource 4 [io  0x6000-0x7fff window]
Jun 30 16:53:47 localhost kernel: pci_bus 0000:3a: resource 5 [mem 0xab000000-0xb87fffff window]
Jun 30 16:53:47 localhost kernel: pci_bus 0000:3a: resource 6 [mem 0x388000000000-0x38bfffffffff window]
Jun 30 16:53:47 localhost kernel: pci_bus 0000:5d: resource 4 [io  0x8000-0x9fff window]
Jun 30 16:53:47 localhost kernel: pci_bus 0000:5d: resource 5 [mem 0xb8800000-0xc5ffffff window]
Jun 30 16:53:47 localhost kernel: pci_bus 0000:5d: resource 6 [mem 0x38c000000000-0x38ffffffffff window]
Jun 30 16:53:47 localhost kernel: pci_bus 0000:80: resource 4 [mem 0xc6000000-0xd37fffff window]
Jun 30 16:53:47 localhost kernel: pci_bus 0000:80: resource 5 [mem 0x390000000000-0x393fffffffff window]
Jun 30 16:53:47 localhost kernel: pci_bus 0000:85: resource 4 [io  0xa000-0xbfff window]
Jun 30 16:53:47 localhost kernel: pci_bus 0000:85: resource 5 [mem 0xd3800000-0xe0ffffff window]
Jun 30 16:53:47 localhost kernel: pci_bus 0000:85: resource 6 [mem 0x394000000000-0x397fffffffff window]
Jun 30 16:53:47 localhost kernel: pci 0000:af:00.0: BAR 6: no space for [mem size 0x00100000 pref]
Jun 30 16:53:47 localhost kernel: pci 0000:af:00.0: BAR 6: failed to assign [mem size 0x00100000 pref]
Jun 30 16:53:47 localhost kernel: pci 0000:ae:00.0: PCI bridge to [bus af]
Jun 30 16:53:47 localhost kernel: pci 0000:ae:00.0:   bridge window [io  0xc000-0xcfff]
Jun 30 16:53:47 localhost kernel: pci 0000:ae:00.0:   bridge window [mem 0xe1200000-0xe12fffff]
Jun 30 16:53:47 localhost kernel: pci 0000:ae:00.0:   bridge window [mem 0xe1000000-0xe11fffff 64bit pref]
Jun 30 16:53:47 localhost kernel: pci_bus 0000:ae: resource 4 [io  0xc000-0xdfff window]
Jun 30 16:53:47 localhost kernel: pci_bus 0000:ae: resource 5 [mem 0xe1000000-0xee7fffff window]
Jun 30 16:53:47 localhost kernel: pci_bus 0000:ae: resource 6 [mem 0x398000000000-0x39bfffffffff window]
Jun 30 16:53:47 localhost kernel: pci_bus 0000:af: resource 0 [io  0xc000-0xcfff]
Jun 30 16:53:47 localhost kernel: pci_bus 0000:af: resource 1 [mem 0xe1200000-0xe12fffff]
Jun 30 16:53:47 localhost kernel: pci_bus 0000:af: resource 2 [mem 0xe1000000-0xe11fffff 64bit pref]
Jun 30 16:53:47 localhost kernel: pci_bus 0000:d7: resource 4 [io  0xe000-0xffff window]
Jun 30 16:53:47 localhost kernel: pci_bus 0000:d7: resource 5 [mem 0xee800000-0xfbffffff window]
Jun 30 16:53:47 localhost kernel: pci_bus 0000:d7: resource 6 [mem 0x39c000000000-0x39ffffffffff window]
Jun 30 16:53:47 localhost kernel: NET: Registered protocol family 2
Jun 30 16:53:47 localhost kernel: tcp_listen_portaddr_hash hash table entries: 32768 (order: 7, 524288 bytes, vmalloc)
Jun 30 16:53:47 localhost kernel: TCP established hash table entries: 524288 (order: 10, 4194304 bytes, vmalloc)
Jun 30 16:53:47 localhost kernel: TCP bind hash table entries: 65536 (order: 8, 1048576 bytes, vmalloc)
Jun 30 16:53:47 localhost kernel: TCP: Hash tables configured (established 524288 bind 65536)
Jun 30 16:53:47 localhost kernel: MPTCP token hash table entries: 65536 (order: 8, 1572864 bytes, vmalloc)
Jun 30 16:53:47 localhost kernel: UDP hash table entries: 32768 (order: 8, 1048576 bytes, vmalloc)
Jun 30 16:53:47 localhost kernel: UDP-Lite hash table entries: 32768 (order: 8, 1048576 bytes, vmalloc)
Jun 30 16:53:47 localhost kernel: NET: Registered protocol family 1
Jun 30 16:53:47 localhost kernel: NET: Registered protocol family 44
Jun 30 16:53:47 localhost kernel: pci 0000:03:00.0: Video device with shadowed ROM at [mem 0x000c0000-0x000dffff]
Jun 30 16:53:47 localhost kernel: pci 0000:17:05.0: disabled boot interrupts on device [8086:2034]
Jun 30 16:53:47 localhost kernel: pci 0000:3a:05.0: disabled boot interrupts on device [8086:2034]
Jun 30 16:53:47 localhost kernel: pci 0000:5d:05.0: disabled boot interrupts on device [8086:2034]
Jun 30 16:53:47 localhost kernel: pci 0000:85:05.0: disabled boot interrupts on device [8086:2034]
Jun 30 16:53:47 localhost kernel: pci 0000:ae:05.0: disabled boot interrupts on device [8086:2034]
Jun 30 16:53:47 localhost kernel: pci 0000:d7:05.0: disabled boot interrupts on device [8086:2034]
Jun 30 16:53:47 localhost kernel: PCI: CLS 0 bytes, default 64
Jun 30 16:53:47 localhost kernel: Unpacking initramfs...
Jun 30 16:53:47 localhost kernel: Freeing initrd memory: 52396K
Jun 30 16:53:47 localhost kernel: PCI-DMA: Using software bounce buffering for IO (SWIOTLB)
Jun 30 16:53:47 localhost kernel: software IO TLB: mapped [mem 0x0000000061058000-0x0000000065058000] (64MB)
Jun 30 16:53:47 localhost kernel: Initialise system trusted keyrings
Jun 30 16:53:47 localhost kernel: Key type blacklist registered
Jun 30 16:53:47 localhost kernel: workingset: timestamp_bits=36 max_order=24 bucket_order=0
Jun 30 16:53:47 localhost kernel: zbud: loaded
Jun 30 16:53:47 localhost kernel: pstore: using deflate compression
Jun 30 16:53:47 localhost kernel: Platform Keyring initialized
Jun 30 16:53:47 localhost kernel: NET: Registered protocol family 38
Jun 30 16:53:47 localhost kernel: Key type asymmetric registered
Jun 30 16:53:47 localhost kernel: Asymmetric key parser 'x509' registered
Jun 30 16:53:47 localhost kernel: Block layer SCSI generic (bsg) driver version 0.4 loaded (major 247)
Jun 30 16:53:47 localhost kernel: io scheduler mq-deadline registered
Jun 30 16:53:47 localhost kernel: io scheduler kyber registered
Jun 30 16:53:47 localhost kernel: io scheduler bfq registered
Jun 30 16:53:47 localhost kernel: atomic64_test: passed for x86-64 platform with CX8 and with SSE
Jun 30 16:53:47 localhost kernel: pcieport 0000:00:1c.0: Signaling with IRQ 24
Jun 30 16:53:47 localhost kernel: pcieport 0000:00:1c.4: Signaling with IRQ 25
Jun 30 16:53:47 localhost kernel: pcieport 0000:17:02.0: Signaling with IRQ 27
Jun 30 16:53:47 localhost kernel: pcieport 0000:ae:00.0: Signaling with IRQ 29
Jun 30 16:53:47 localhost kernel: shpchp: Standard Hot Plug PCI Controller Driver version: 0.4
Jun 30 16:53:47 localhost kernel: efifb: probing for efifb
Jun 30 16:53:47 localhost kernel: efifb: framebuffer at 0x91000000, using 3072k, total 3072k
Jun 30 16:53:47 localhost kernel: efifb: mode is 1024x768x32, linelength=4096, pages=1
Jun 30 16:53:47 localhost kernel: efifb: scrolling: redraw
Jun 30 16:53:47 localhost kernel: efifb: Truecolor: size=8:8:8:8, shift=24:16:8:0
Jun 30 16:53:47 localhost kernel: Console: switching to colour frame buffer device 128x48
Jun 30 16:53:47 localhost kernel: fb0: EFI VGA frame buffer device
Jun 30 16:53:47 localhost kernel: input: Power Button as /devices/LNXSYSTM:00/LNXPWRBN:00/input/input0
Jun 30 16:53:47 localhost kernel: ACPI: Power Button [PWRF]
Jun 30 16:53:47 localhost kernel: ERST: Error Record Serialization Table (ERST) support is initialized.
Jun 30 16:53:47 localhost kernel: pstore: Registered erst as persistent store backend
Jun 30 16:53:47 localhost kernel: GHES: APEI firmware first mode is enabled by APEI bit and WHEA _OSC.
Jun 30 16:53:47 localhost kernel: Serial: 8250/16550 driver, 4 ports, IRQ sharing enabled
Jun 30 16:53:47 localhost kernel: 00:02: ttyS1 at I/O 0x2f8 (irq = 3, base_baud = 115200) is a 16550A
Jun 30 16:53:47 localhost kernel: 00:03: ttyS0 at I/O 0x3f8 (irq = 4, base_baud = 115200) is a 16550A
Jun 30 16:53:47 localhost kernel: Non-volatile memory driver v1.3
Jun 30 16:53:47 localhost kernel: tpm_tis MSFT0101:00: 2.0 TPM (device-id 0xFC, rev-id 1)
Jun 30 16:53:47 localhost kernel: rdac: device handler registered
Jun 30 16:53:47 localhost kernel: hp_sw: device handler registered
Jun 30 16:53:47 localhost kernel: emc: device handler registered
Jun 30 16:53:47 localhost kernel: alua: device handler registered
Jun 30 16:53:47 localhost kernel: libphy: Fixed MDIO Bus: probed
Jun 30 16:53:47 localhost kernel: ehci_hcd: USB 2.0 'Enhanced' Host Controller (EHCI) Driver
Jun 30 16:53:47 localhost kernel: ehci-pci: EHCI PCI platform driver
Jun 30 16:53:47 localhost kernel: ohci_hcd: USB 1.1 'Open' Host Controller (OHCI) Driver
Jun 30 16:53:47 localhost kernel: ohci-pci: OHCI PCI platform driver
Jun 30 16:53:47 localhost kernel: uhci_hcd: USB Universal Host Controller Interface driver
Jun 30 16:53:47 localhost kernel: xhci_hcd 0000:00:14.0: xHCI Host Controller
Jun 30 16:53:47 localhost kernel: xhci_hcd 0000:00:14.0: new USB bus registered, assigned bus number 1
Jun 30 16:53:47 localhost kernel: xhci_hcd 0000:00:14.0: hcc params 0x200077c1 hci version 0x100 quirks 0x0000000000009810
Jun 30 16:53:47 localhost kernel: xhci_hcd 0000:00:14.0: cache line size of 64 is not supported
Jun 30 16:53:47 localhost kernel: usb usb1: New USB device found, idVendor=1d6b, idProduct=0002, bcdDevice= 4.18
Jun 30 16:53:47 localhost kernel: usb usb1: New USB device strings: Mfr=3, Product=2, SerialNumber=1
Jun 30 16:53:47 localhost kernel: usb usb1: Product: xHCI Host Controller
Jun 30 16:53:47 localhost kernel: usb usb1: Manufacturer: Linux 4.18.0-348.el8.x86_64 xhci-hcd
Jun 30 16:53:47 localhost kernel: usb usb1: SerialNumber: 0000:00:14.0
Jun 30 16:53:47 localhost kernel: hub 1-0:1.0: USB hub found
Jun 30 16:53:47 localhost kernel: hub 1-0:1.0: 16 ports detected
Jun 30 16:53:47 localhost kernel: xhci_hcd 0000:00:14.0: xHCI Host Controller
Jun 30 16:53:47 localhost kernel: xhci_hcd 0000:00:14.0: new USB bus registered, assigned bus number 2
Jun 30 16:53:47 localhost kernel: xhci_hcd 0000:00:14.0: Host supports USB 3.0 SuperSpeed
Jun 30 16:53:47 localhost kernel: usb usb2: New USB device found, idVendor=1d6b, idProduct=0003, bcdDevice= 4.18
Jun 30 16:53:47 localhost kernel: usb usb2: New USB device strings: Mfr=3, Product=2, SerialNumber=1
Jun 30 16:53:47 localhost kernel: usb usb2: Product: xHCI Host Controller
Jun 30 16:53:47 localhost kernel: usb usb2: Manufacturer: Linux 4.18.0-348.el8.x86_64 xhci-hcd
Jun 30 16:53:47 localhost kernel: usb usb2: SerialNumber: 0000:00:14.0
Jun 30 16:53:47 localhost kernel: hub 2-0:1.0: USB hub found
Jun 30 16:53:47 localhost kernel: hub 2-0:1.0: 10 ports detected
Jun 30 16:53:47 localhost kernel: usb: port power management may be unreliable
Jun 30 16:53:47 localhost kernel: usbcore: registered new interface driver usbserial_generic
Jun 30 16:53:47 localhost kernel: usbserial: USB Serial support registered for generic
Jun 30 16:53:47 localhost kernel: i8042: PNP: No PS/2 controller found.
Jun 30 16:53:47 localhost kernel: mousedev: PS/2 mouse device common for all mice
Jun 30 16:53:47 localhost kernel: rtc_cmos 00:00: RTC can wake from S4
Jun 30 16:53:47 localhost kernel: rtc_cmos 00:00: registered as rtc0
Jun 30 16:53:47 localhost kernel: rtc_cmos 00:00: alarms up to one month, y3k, 114 bytes nvram, hpet irqs
Jun 30 16:53:47 localhost kernel: intel_pstate: P-states controlled by the platform
Jun 30 16:53:47 localhost kernel: EFI Variables Facility v0.08 2004-May-17
Jun 30 16:53:47 localhost kernel: hid: raw HID events driver (C) Jiri Kosina
Jun 30 16:53:47 localhost kernel: usbcore: registered new interface driver usbhid
Jun 30 16:53:47 localhost kernel: usbhid: USB HID core driver
Jun 30 16:53:47 localhost kernel: drop_monitor: Initializing network drop monitor service
Jun 30 16:53:47 localhost kernel: Initializing XFRM netlink socket
Jun 30 16:53:47 localhost kernel: NET: Registered protocol family 10
Jun 30 16:53:47 localhost kernel: Segment Routing with IPv6
Jun 30 16:53:47 localhost kernel: NET: Registered protocol family 17
Jun 30 16:53:47 localhost kernel: mpls_gso: MPLS GSO support
Jun 30 16:53:47 localhost kernel: microcode: sig=0x50657, pf=0x80, revision=0x5003302
Jun 30 16:53:47 localhost kernel: microcode: Microcode Update Driver: v2.2.
Jun 30 16:53:47 localhost kernel: resctrl: MB allocation detected
Jun 30 16:53:47 localhost kernel: resctrl: L3 monitoring detected
Jun 30 16:53:47 localhost kernel: AVX2 version of gcm_enc/dec engaged.
Jun 30 16:53:47 localhost kernel: AES CTR mode by8 optimization enabled
Jun 30 16:53:47 localhost kernel: usb 1-14: new high-speed USB device number 2 using xhci_hcd
Jun 30 16:53:47 localhost kernel: sched_clock: Marking stable (1773731670, 0)->(1984731219, -210999549)
Jun 30 16:53:47 localhost kernel: registered taskstats version 1
Jun 30 16:53:47 localhost kernel: Loading compiled-in X.509 certificates
Jun 30 16:53:47 localhost kernel: Loaded X.509 cert 'Red Hat Enterprise Linux kernel signing key: ee840e8093774c1d557081baf5e0744e6731097e'
